

================================================================
== Vivado HLS Report for 'fc_FC2'
================================================================
* Date:           Thu Mar 19 00:30:38 2020

* Version:        2019.1 (Build 2552052 on Fri May 24 15:28:33 MDT 2019)
* Project:        lenet_cnn3_Accuracy
* Solution:       solution_6432
* Product family: zynq
* Target device:  xc7z020-clg400-1


================================================================
== Performance Estimates
================================================================
+ Timing (ns): 
    * Summary: 
    +--------+-------+----------+------------+
    |  Clock | Target| Estimated| Uncertainty|
    +--------+-------+----------+------------+
    |ap_clk  |  10.00|     7.690|        1.25|
    +--------+-------+----------+------------+

+ Latency (clock cycles): 
    * Summary: 
    +------+------+------+------+---------+
    |   Latency   |   Interval  | Pipeline|
    |  min |  max |  min |  max |   Type  |
    +------+------+------+------+---------+
    |  7750|  7750|  7750|  7750|   none  |
    +------+------+------+------+---------+

    + Detail: 
        * Instance: 
        N/A

        * Loop: 
        +----------+------+------+----------+-----------+-----------+------+----------+
        |          |   Latency   | Iteration|  Initiation Interval  | Trip |          |
        | Loop Name|  min |  max |  Latency |  achieved |   target  | Count| Pipelined|
        +----------+------+------+----------+-----------+-----------+------+----------+
        |- OUT     |  7749|  7749|       369|          -|          -|    21|    no    |
        | + IN     |   365|   365|         9|          3|          1|   120|    yes   |
        +----------+------+------+----------+-----------+-----------+------+----------+



================================================================
== Utilization Estimates
================================================================
* Summary: 
+-----------------+---------+-------+--------+-------+-----+
|       Name      | BRAM_18K| DSP48E|   FF   |  LUT  | URAM|
+-----------------+---------+-------+--------+-------+-----+
|DSP              |        -|      -|       -|      -|    -|
|Expression       |        -|      -|       0|    502|    -|
|FIFO             |        -|      -|       -|      -|    -|
|Instance         |        -|     28|    1740|   1000|    -|
|Memory           |       32|      -|     114|     40|    -|
|Multiplexer      |        -|      -|       -|    146|    -|
|Register         |        0|      -|    1020|     32|    -|
+-----------------+---------+-------+--------+-------+-----+
|Total            |       32|     28|    2874|   1720|    0|
+-----------------+---------+-------+--------+-------+-----+
|Available        |      280|    220|  106400|  53200|    0|
+-----------------+---------+-------+--------+-------+-----+
|Utilization (%)  |       11|     12|       2|      3|    0|
+-----------------+---------+-------+--------+-------+-----+

+ Detail: 
    * Instance: 
    +---------------------------+----------------------+---------+-------+-----+-----+-----+
    |          Instance         |        Module        | BRAM_18K| DSP48E|  FF | LUT | URAM|
    +---------------------------+----------------------+---------+-------+-----+-----+-----+
    |lenet_mul_31s_63ncmv_U326  |lenet_mul_31s_63ncmv  |        0|      7|  435|  250|    0|
    |lenet_mul_32s_63ncow_U324  |lenet_mul_32s_63ncow  |        0|      7|  435|  250|    0|
    |lenet_mul_32s_63ncow_U325  |lenet_mul_32s_63ncow  |        0|      7|  435|  250|    0|
    |lenet_mul_32s_63ncow_U327  |lenet_mul_32s_63ncow  |        0|      7|  435|  250|    0|
    +---------------------------+----------------------+---------+-------+-----+-----+-----+
    |Total                      |                      |        0|     28| 1740| 1000|    0|
    +---------------------------+----------------------+---------+-------+-----+-----+-----+

    * DSP48E: 
    N/A

    * Memory: 
    +-------------------+----------------------+---------+----+----+-----+------+-----+------+-------------+
    |       Memory      |        Module        | BRAM_18K| FF | LUT| URAM| Words| Bits| Banks| W*Bits*Banks|
    +-------------------+----------------------+---------+----+----+-----+------+-----+------+-------------+
    |FC2_bias_V_0_U     |fc_FC2_FC2_bias_V_0   |        0|  29|  10|    0|    21|   29|     1|          609|
    |FC2_bias_V_1_U     |fc_FC2_FC2_bias_V_1   |        0|  28|  10|    0|    21|   28|     1|          588|
    |FC2_bias_V_2_U     |fc_FC2_FC2_bias_V_2   |        0|  29|  10|    0|    21|   29|     1|          609|
    |FC2_bias_V_3_U     |fc_FC2_FC2_bias_V_3   |        0|  28|  10|    0|    21|   28|     1|          588|
    |FC2_weights_V_0_U  |fc_FC2_FC2_weightcBy  |        8|   0|   0|    0|  2520|   32|     1|        80640|
    |FC2_weights_V_1_U  |fc_FC2_FC2_weightcCy  |        8|   0|   0|    0|  2520|   32|     1|        80640|
    |FC2_weights_V_2_U  |fc_FC2_FC2_weightcDy  |        8|   0|   0|    0|  2520|   31|     1|        78120|
    |FC2_weights_V_3_U  |fc_FC2_FC2_weightcEy  |        8|   0|   0|    0|  2520|   32|     1|        80640|
    +-------------------+----------------------+---------+----+----+-----+------+-----+------+-------------+
    |Total              |                      |       32| 114|  40|    0| 10164|  241|     8|       322434|
    +-------------------+----------------------+---------+----+----+-----+------+-----+------+-------------+

    * FIFO: 
    N/A

    * Expression: 
    +----------------------+----------+-------+---+-----+------------+------------+
    |     Variable Name    | Operation| DSP48E| FF| LUT | Bitwidth P0| Bitwidth P1|
    +----------------------+----------+-------+---+-----+------------+------------+
    |add_ln1116_fu_369_p2  |     +    |      0|  0|   17|          13|          13|
    |i_fu_354_p2           |     +    |      0|  0|   15|           7|           1|
    |o_fu_531_p2           |     +    |      0|  0|   15|           7|           3|
    |ret_V_2_fu_460_p2     |     +    |      0|  0|  103|          96|          96|
    |ret_V_3_fu_487_p2     |     +    |      0|  0|  103|          96|          96|
    |ret_V_4_fu_514_p2     |     +    |      0|  0|  103|          96|          96|
    |ret_V_fu_433_p2       |     +    |      0|  0|  103|          96|          96|
    |sub_ln1116_fu_322_p2  |     -    |      0|  0|   17|          13|          13|
    |icmp_ln73_fu_272_p2   |   icmp   |      0|  0|   11|           7|           7|
    |icmp_ln78_fu_348_p2   |   icmp   |      0|  0|   11|           7|           5|
    |ap_block_state1       |    or    |      0|  0|    2|           1|           1|
    |ap_enable_pp0         |    xor   |      0|  0|    2|           1|           2|
    +----------------------+----------+-------+---+-----+------------+------------+
    |Total                 |          |      0|  0|  502|         440|         429|
    +----------------------+----------+-------+---+-----+------------+------------+

    * Multiplexer: 
    +------------------------------+----+-----------+-----+-----------+
    |             Name             | LUT| Input Size| Bits| Total Bits|
    +------------------------------+----+-----------+-----+-----------+
    |ap_NS_fsm                     |  41|          8|    1|          8|
    |ap_done                       |   9|          2|    1|          2|
    |ap_enable_reg_pp0_iter2       |   9|          2|    1|          2|
    |ap_phi_mux_i_0_phi_fu_265_p4  |   9|          2|    7|         14|
    |i_0_reg_261                   |   9|          2|    7|         14|
    |o_0_reg_249                   |   9|          2|    7|         14|
    |out_fc2_0_V_d0                |  15|          3|   64|        192|
    |out_fc2_1_V_d0                |  15|          3|   64|        192|
    |out_fc2_2_V_d0                |  15|          3|   64|        192|
    |out_fc2_3_V_d0                |  15|          3|   64|        192|
    +------------------------------+----+-----------+-----+-----------+
    |Total                         | 146|         30|  280|        822|
    +------------------------------+----+-----------+-----+-----------+

    * Register: 
    +------------------------------+----+----+-----+-----------+
    |             Name             | FF | LUT| Bits| Const Bits|
    +------------------------------+----+----+-----+-----------+
    |FC2_weights_V_0_load_reg_625  |  32|   0|   32|          0|
    |FC2_weights_V_1_load_reg_636  |  32|   0|   32|          0|
    |FC2_weights_V_2_load_reg_641  |  31|   0|   31|          0|
    |FC2_weights_V_3_load_reg_646  |  32|   0|   32|          0|
    |ap_CS_fsm                     |   7|   0|    7|          0|
    |ap_done_reg                   |   1|   0|    1|          0|
    |ap_enable_reg_pp0_iter0       |   1|   0|    1|          0|
    |ap_enable_reg_pp0_iter1       |   1|   0|    1|          0|
    |ap_enable_reg_pp0_iter2       |   1|   0|    1|          0|
    |i_0_reg_261                   |   7|   0|    7|          0|
    |i_reg_595                     |   7|   0|    7|          0|
    |icmp_ln78_reg_591             |   1|   0|    1|          0|
    |in_V_load_reg_630             |  63|   0|   63|          0|
    |lshr_ln_reg_540               |   5|   0|    5|          0|
    |o_0_reg_249                   |   7|   0|    7|          0|
    |out_fc2_0_V_addr_reg_551      |   5|   0|    5|          0|
    |out_fc2_1_V_addr_reg_561      |   5|   0|    5|          0|
    |out_fc2_2_V_addr_reg_571      |   5|   0|    5|          0|
    |out_fc2_3_V_addr_reg_581      |   5|   0|    5|          0|
    |p_Val2_11_reg_698             |  64|   0|   64|          0|
    |p_Val2_14_reg_708             |  64|   0|   64|          0|
    |p_Val2_17_reg_718             |  64|   0|   64|          0|
    |p_Val2_s_reg_688              |  64|   0|   64|          0|
    |r_V_2_reg_693                 |  95|   0|   95|          0|
    |r_V_3_reg_703                 |  94|   0|   94|          0|
    |r_V_4_reg_713                 |  95|   0|   95|          0|
    |r_V_reg_683                   |  95|   0|   95|          0|
    |sub_ln1116_reg_586            |  10|   0|   13|          3|
    |zext_ln1118_1_reg_656         |  63|   0|   95|         32|
    |icmp_ln78_reg_591             |  64|  32|    1|          0|
    +------------------------------+----+----+-----+-----------+
    |Total                         |1020|  32|  992|         35|
    +------------------------------+----+----+-----+-----------+



================================================================
== Interface
================================================================
* Summary: 
+----------------------+-----+-----+------------+--------------+--------------+
|       RTL Ports      | Dir | Bits|  Protocol  | Source Object|    C Type    |
+----------------------+-----+-----+------------+--------------+--------------+
|ap_clk                |  in |    1| ap_ctrl_hs |    fc_FC2    | return value |
|ap_rst                |  in |    1| ap_ctrl_hs |    fc_FC2    | return value |
|ap_start              |  in |    1| ap_ctrl_hs |    fc_FC2    | return value |
|ap_done               | out |    1| ap_ctrl_hs |    fc_FC2    | return value |
|ap_continue           |  in |    1| ap_ctrl_hs |    fc_FC2    | return value |
|ap_idle               | out |    1| ap_ctrl_hs |    fc_FC2    | return value |
|ap_ready              | out |    1| ap_ctrl_hs |    fc_FC2    | return value |
|in_V_address0         | out |    7|  ap_memory |     in_V     |     array    |
|in_V_ce0              | out |    1|  ap_memory |     in_V     |     array    |
|in_V_q0               |  in |   63|  ap_memory |     in_V     |     array    |
|out_fc2_0_V_address0  | out |    5|  ap_memory |  out_fc2_0_V |     array    |
|out_fc2_0_V_ce0       | out |    1|  ap_memory |  out_fc2_0_V |     array    |
|out_fc2_0_V_we0       | out |    1|  ap_memory |  out_fc2_0_V |     array    |
|out_fc2_0_V_d0        | out |   64|  ap_memory |  out_fc2_0_V |     array    |
|out_fc2_0_V_q0        |  in |   64|  ap_memory |  out_fc2_0_V |     array    |
|out_fc2_1_V_address0  | out |    5|  ap_memory |  out_fc2_1_V |     array    |
|out_fc2_1_V_ce0       | out |    1|  ap_memory |  out_fc2_1_V |     array    |
|out_fc2_1_V_we0       | out |    1|  ap_memory |  out_fc2_1_V |     array    |
|out_fc2_1_V_d0        | out |   64|  ap_memory |  out_fc2_1_V |     array    |
|out_fc2_1_V_q0        |  in |   64|  ap_memory |  out_fc2_1_V |     array    |
|out_fc2_2_V_address0  | out |    5|  ap_memory |  out_fc2_2_V |     array    |
|out_fc2_2_V_ce0       | out |    1|  ap_memory |  out_fc2_2_V |     array    |
|out_fc2_2_V_we0       | out |    1|  ap_memory |  out_fc2_2_V |     array    |
|out_fc2_2_V_d0        | out |   64|  ap_memory |  out_fc2_2_V |     array    |
|out_fc2_2_V_q0        |  in |   64|  ap_memory |  out_fc2_2_V |     array    |
|out_fc2_3_V_address0  | out |    5|  ap_memory |  out_fc2_3_V |     array    |
|out_fc2_3_V_ce0       | out |    1|  ap_memory |  out_fc2_3_V |     array    |
|out_fc2_3_V_we0       | out |    1|  ap_memory |  out_fc2_3_V |     array    |
|out_fc2_3_V_d0        | out |   64|  ap_memory |  out_fc2_3_V |     array    |
|out_fc2_3_V_q0        |  in |   64|  ap_memory |  out_fc2_3_V |     array    |
+----------------------+-----+-----+------------+--------------+--------------+

