

================================================================
== Vivado HLS Report for 'relu_R1'
================================================================
* Date:           Sun Mar  8 14:26:32 2020

* Version:        2019.1 (Build 2552052 on Fri May 24 15:28:33 MDT 2019)
* Project:        lenet_cnn
* Solution:       solution2_opt
* Product family: zynq
* Target device:  xc7z020-clg400-1


================================================================
== Performance Estimates
================================================================
+ Timing (ns): 
    * Summary: 
    +--------+-------+----------+------------+
    |  Clock | Target| Estimated| Uncertainty|
    +--------+-------+----------+------------+
    |ap_clk  |  10.00|     8.685|        1.25|
    +--------+-------+----------+------------+

+ Latency (clock cycles): 
    * Summary: 
    +------+------+------+------+---------+
    |   Latency   |   Interval  | Pipeline|
    |  min |  max |  min |  max |   Type  |
    +------+------+------+------+---------+
    |  2357|  2357|  2357|  2357|   none  |
    +------+------+------+------+---------+

    + Detail: 
        * Instance: 
        N/A

        * Loop: 
        +-----------+------+------+----------+-----------+-----------+------+----------+
        |           |   Latency   | Iteration|  Initiation Interval  | Trip |          |
        | Loop Name |  min |  max |  Latency |  achieved |   target  | Count| Pipelined|
        +-----------+------+------+----------+-----------+-----------+------+----------+
        |- OFM_ROW  |  2355|  2355|        18|         14|          1|   168|    yes   |
        +-----------+------+------+----------+-----------+-----------+------+----------+



================================================================
== Utilization Estimates
================================================================
* Summary: 
+-----------------+---------+-------+--------+-------+-----+
|       Name      | BRAM_18K| DSP48E|   FF   |  LUT  | URAM|
+-----------------+---------+-------+--------+-------+-----+
|DSP              |        -|      -|       -|      -|    -|
|Expression       |        -|      -|       0|   2442|    -|
|FIFO             |        -|      -|       -|      -|    -|
|Instance         |        -|      0|     132|    478|    -|
|Memory           |        -|      -|       -|      -|    -|
|Multiplexer      |        -|      -|       -|    529|    -|
|Register         |        -|      -|    1373|      -|    -|
+-----------------+---------+-------+--------+-------+-----+
|Total            |        0|      0|    1505|   3449|    0|
+-----------------+---------+-------+--------+-------+-----+
|Available        |      280|    220|  106400|  53200|    0|
+-----------------+---------+-------+--------+-------+-----+
|Utilization (%)  |        0|      0|       1|      6|    0|
+-----------------+---------+-------+--------+-------+-----+

+ Detail: 
    * Instance: 
    +--------------------------+----------------------+---------+-------+----+-----+-----+
    |         Instance         |        Module        | BRAM_18K| DSP48E| FF | LUT | URAM|
    +--------------------------+----------------------+---------+-------+----+-----+-----+
    |lenet_fcmp_32ns_3mb6_U20  |lenet_fcmp_32ns_3mb6  |        0|      0|  66|  239|    0|
    |lenet_fcmp_32ns_3mb6_U21  |lenet_fcmp_32ns_3mb6  |        0|      0|  66|  239|    0|
    +--------------------------+----------------------+---------+-------+----+-----+-----+
    |Total                     |                      |        0|      0| 132|  478|    0|
    +--------------------------+----------------------+---------+-------+----+-----+-----+

    * DSP48E: 
    N/A

    * Memory: 
    N/A

    * FIFO: 
    N/A

    * Expression: 
    +---------------------------+----------+-------+---+----+------------+------------+
    |       Variable Name       | Operation| DSP48E| FF| LUT| Bitwidth P0| Bitwidth P1|
    +---------------------------+----------+-------+---+----+------------+------------+
    |add_ln14_fu_649_p2         |     +    |      0|  0|  15|           8|           1|
    |add_ln19_10_fu_1281_p2     |     +    |      0|  0|  19|           4|          14|
    |add_ln19_11_fu_1391_p2     |     +    |      0|  0|  19|           4|          14|
    |add_ln19_12_fu_1401_p2     |     +    |      0|  0|  19|           4|          14|
    |add_ln19_13_fu_1511_p2     |     +    |      0|  0|  19|           5|          14|
    |add_ln19_14_fu_1521_p2     |     +    |      0|  0|  19|           5|          14|
    |add_ln19_15_fu_1631_p2     |     +    |      0|  0|  19|           5|          14|
    |add_ln19_16_fu_1641_p2     |     +    |      0|  0|  19|           5|          14|
    |add_ln19_17_fu_1751_p2     |     +    |      0|  0|  19|           5|          14|
    |add_ln19_18_fu_1761_p2     |     +    |      0|  0|  19|           5|          14|
    |add_ln19_19_fu_1871_p2     |     +    |      0|  0|  19|           5|          14|
    |add_ln19_1_fu_791_p2       |     +    |      0|  0|  19|           3|          14|
    |add_ln19_20_fu_1881_p2     |     +    |      0|  0|  19|           5|          14|
    |add_ln19_21_fu_1991_p2     |     +    |      0|  0|  19|           5|          14|
    |add_ln19_22_fu_2001_p2     |     +    |      0|  0|  19|           5|          14|
    |add_ln19_23_fu_2116_p2     |     +    |      0|  0|  19|           5|          14|
    |add_ln19_24_fu_2126_p2     |     +    |      0|  0|  19|           5|          14|
    |add_ln19_2_fu_801_p2       |     +    |      0|  0|  19|           3|          14|
    |add_ln19_3_fu_911_p2       |     +    |      0|  0|  19|           3|          14|
    |add_ln19_4_fu_921_p2       |     +    |      0|  0|  19|           3|          14|
    |add_ln19_5_fu_1031_p2      |     +    |      0|  0|  19|           4|          14|
    |add_ln19_6_fu_1041_p2      |     +    |      0|  0|  19|           4|          14|
    |add_ln19_7_fu_1151_p2      |     +    |      0|  0|  19|           4|          14|
    |add_ln19_8_fu_1161_p2      |     +    |      0|  0|  19|           4|          14|
    |add_ln19_9_fu_1271_p2      |     +    |      0|  0|  19|           4|          14|
    |add_ln19_fu_719_p2         |     +    |      0|  0|  14|          10|          10|
    |ofm_fu_655_p2              |     +    |      0|  0|  12|           1|           3|
    |r_fu_2111_p2               |     +    |      0|  0|  15|           1|           5|
    |sub_ln19_1_fu_749_p2       |     -    |      0|  0|  19|          14|          14|
    |sub_ln19_fu_707_p2         |     -    |      0|  0|  15|           9|           9|
    |and_ln20_10_fu_1447_p2     |    and   |      0|  0|   2|           1|           1|
    |and_ln20_11_fu_1497_p2     |    and   |      0|  0|   2|           1|           1|
    |and_ln20_12_fu_1567_p2     |    and   |      0|  0|   2|           1|           1|
    |and_ln20_13_fu_1617_p2     |    and   |      0|  0|   2|           1|           1|
    |and_ln20_14_fu_1687_p2     |    and   |      0|  0|   2|           1|           1|
    |and_ln20_15_fu_1737_p2     |    and   |      0|  0|   2|           1|           1|
    |and_ln20_16_fu_1807_p2     |    and   |      0|  0|   2|           1|           1|
    |and_ln20_17_fu_1857_p2     |    and   |      0|  0|   2|           1|           1|
    |and_ln20_18_fu_1927_p2     |    and   |      0|  0|   2|           1|           1|
    |and_ln20_19_fu_1977_p2     |    and   |      0|  0|   2|           1|           1|
    |and_ln20_1_fu_897_p2       |    and   |      0|  0|   2|           1|           1|
    |and_ln20_20_fu_2047_p2     |    and   |      0|  0|   2|           1|           1|
    |and_ln20_21_fu_2097_p2     |    and   |      0|  0|   2|           1|           1|
    |and_ln20_22_fu_2172_p2     |    and   |      0|  0|   2|           1|           1|
    |and_ln20_23_fu_2222_p2     |    and   |      0|  0|   2|           1|           1|
    |and_ln20_24_fu_2272_p2     |    and   |      0|  0|   2|           1|           1|
    |and_ln20_25_fu_2322_p2     |    and   |      0|  0|   2|           1|           1|
    |and_ln20_26_fu_2372_p2     |    and   |      0|  0|   2|           1|           1|
    |and_ln20_27_fu_2422_p2     |    and   |      0|  0|   2|           1|           1|
    |and_ln20_2_fu_967_p2       |    and   |      0|  0|   2|           1|           1|
    |and_ln20_3_fu_1017_p2      |    and   |      0|  0|   2|           1|           1|
    |and_ln20_4_fu_1087_p2      |    and   |      0|  0|   2|           1|           1|
    |and_ln20_5_fu_1137_p2      |    and   |      0|  0|   2|           1|           1|
    |and_ln20_6_fu_1207_p2      |    and   |      0|  0|   2|           1|           1|
    |and_ln20_7_fu_1257_p2      |    and   |      0|  0|   2|           1|           1|
    |and_ln20_8_fu_1327_p2      |    and   |      0|  0|   2|           1|           1|
    |and_ln20_9_fu_1377_p2      |    and   |      0|  0|   2|           1|           1|
    |and_ln20_fu_847_p2         |    and   |      0|  0|   2|           1|           1|
    |icmp_ln14_fu_643_p2        |   icmp   |      0|  0|  11|           8|           8|
    |icmp_ln15_fu_661_p2        |   icmp   |      0|  0|  11|           5|           4|
    |icmp_ln20_10_fu_1119_p2    |   icmp   |      0|  0|  11|           8|           2|
    |icmp_ln20_11_fu_1125_p2    |   icmp   |      0|  0|  18|          23|           1|
    |icmp_ln20_12_fu_1189_p2    |   icmp   |      0|  0|  11|           8|           2|
    |icmp_ln20_13_fu_1195_p2    |   icmp   |      0|  0|  18|          23|           1|
    |icmp_ln20_14_fu_1239_p2    |   icmp   |      0|  0|  11|           8|           2|
    |icmp_ln20_15_fu_1245_p2    |   icmp   |      0|  0|  18|          23|           1|
    |icmp_ln20_16_fu_1309_p2    |   icmp   |      0|  0|  11|           8|           2|
    |icmp_ln20_17_fu_1315_p2    |   icmp   |      0|  0|  18|          23|           1|
    |icmp_ln20_18_fu_1359_p2    |   icmp   |      0|  0|  11|           8|           2|
    |icmp_ln20_19_fu_1365_p2    |   icmp   |      0|  0|  18|          23|           1|
    |icmp_ln20_1_fu_835_p2      |   icmp   |      0|  0|  18|          23|           1|
    |icmp_ln20_20_fu_1429_p2    |   icmp   |      0|  0|  11|           8|           2|
    |icmp_ln20_21_fu_1435_p2    |   icmp   |      0|  0|  18|          23|           1|
    |icmp_ln20_22_fu_1479_p2    |   icmp   |      0|  0|  11|           8|           2|
    |icmp_ln20_23_fu_1485_p2    |   icmp   |      0|  0|  18|          23|           1|
    |icmp_ln20_24_fu_1549_p2    |   icmp   |      0|  0|  11|           8|           2|
    |icmp_ln20_25_fu_1555_p2    |   icmp   |      0|  0|  18|          23|           1|
    |icmp_ln20_26_fu_1599_p2    |   icmp   |      0|  0|  11|           8|           2|
    |icmp_ln20_27_fu_1605_p2    |   icmp   |      0|  0|  18|          23|           1|
    |icmp_ln20_28_fu_1669_p2    |   icmp   |      0|  0|  11|           8|           2|
    |icmp_ln20_29_fu_1675_p2    |   icmp   |      0|  0|  18|          23|           1|
    |icmp_ln20_2_fu_879_p2      |   icmp   |      0|  0|  11|           8|           2|
    |icmp_ln20_30_fu_1719_p2    |   icmp   |      0|  0|  11|           8|           2|
    |icmp_ln20_31_fu_1725_p2    |   icmp   |      0|  0|  18|          23|           1|
    |icmp_ln20_32_fu_1789_p2    |   icmp   |      0|  0|  11|           8|           2|
    |icmp_ln20_33_fu_1795_p2    |   icmp   |      0|  0|  18|          23|           1|
    |icmp_ln20_34_fu_1839_p2    |   icmp   |      0|  0|  11|           8|           2|
    |icmp_ln20_35_fu_1845_p2    |   icmp   |      0|  0|  18|          23|           1|
    |icmp_ln20_36_fu_1909_p2    |   icmp   |      0|  0|  11|           8|           2|
    |icmp_ln20_37_fu_1915_p2    |   icmp   |      0|  0|  18|          23|           1|
    |icmp_ln20_38_fu_1959_p2    |   icmp   |      0|  0|  11|           8|           2|
    |icmp_ln20_39_fu_1965_p2    |   icmp   |      0|  0|  18|          23|           1|
    |icmp_ln20_3_fu_885_p2      |   icmp   |      0|  0|  18|          23|           1|
    |icmp_ln20_40_fu_2029_p2    |   icmp   |      0|  0|  11|           8|           2|
    |icmp_ln20_41_fu_2035_p2    |   icmp   |      0|  0|  18|          23|           1|
    |icmp_ln20_42_fu_2079_p2    |   icmp   |      0|  0|  11|           8|           2|
    |icmp_ln20_43_fu_2085_p2    |   icmp   |      0|  0|  18|          23|           1|
    |icmp_ln20_44_fu_2154_p2    |   icmp   |      0|  0|  11|           8|           2|
    |icmp_ln20_45_fu_2160_p2    |   icmp   |      0|  0|  18|          23|           1|
    |icmp_ln20_46_fu_2204_p2    |   icmp   |      0|  0|  11|           8|           2|
    |icmp_ln20_47_fu_2210_p2    |   icmp   |      0|  0|  18|          23|           1|
    |icmp_ln20_48_fu_2254_p2    |   icmp   |      0|  0|  11|           8|           2|
    |icmp_ln20_49_fu_2260_p2    |   icmp   |      0|  0|  18|          23|           1|
    |icmp_ln20_4_fu_949_p2      |   icmp   |      0|  0|  11|           8|           2|
    |icmp_ln20_50_fu_2304_p2    |   icmp   |      0|  0|  11|           8|           2|
    |icmp_ln20_51_fu_2310_p2    |   icmp   |      0|  0|  18|          23|           1|
    |icmp_ln20_52_fu_2354_p2    |   icmp   |      0|  0|  11|           8|           2|
    |icmp_ln20_53_fu_2360_p2    |   icmp   |      0|  0|  18|          23|           1|
    |icmp_ln20_54_fu_2404_p2    |   icmp   |      0|  0|  11|           8|           2|
    |icmp_ln20_55_fu_2410_p2    |   icmp   |      0|  0|  18|          23|           1|
    |icmp_ln20_5_fu_955_p2      |   icmp   |      0|  0|  18|          23|           1|
    |icmp_ln20_6_fu_999_p2      |   icmp   |      0|  0|  11|           8|           2|
    |icmp_ln20_7_fu_1005_p2     |   icmp   |      0|  0|  18|          23|           1|
    |icmp_ln20_8_fu_1069_p2     |   icmp   |      0|  0|  11|           8|           2|
    |icmp_ln20_9_fu_1075_p2     |   icmp   |      0|  0|  18|          23|           1|
    |icmp_ln20_fu_829_p2        |   icmp   |      0|  0|  11|           8|           2|
    |ap_block_state1            |    or    |      0|  0|   2|           1|           1|
    |or_ln19_1_fu_771_p2        |    or    |      0|  0|  14|          14|           2|
    |or_ln19_2_fu_781_p2        |    or    |      0|  0|  14|          14|           2|
    |or_ln19_fu_760_p2          |    or    |      0|  0|  14|          14|           1|
    |or_ln20_10_fu_1441_p2      |    or    |      0|  0|   2|           1|           1|
    |or_ln20_11_fu_1491_p2      |    or    |      0|  0|   2|           1|           1|
    |or_ln20_12_fu_1561_p2      |    or    |      0|  0|   2|           1|           1|
    |or_ln20_13_fu_1611_p2      |    or    |      0|  0|   2|           1|           1|
    |or_ln20_14_fu_1681_p2      |    or    |      0|  0|   2|           1|           1|
    |or_ln20_15_fu_1731_p2      |    or    |      0|  0|   2|           1|           1|
    |or_ln20_16_fu_1801_p2      |    or    |      0|  0|   2|           1|           1|
    |or_ln20_17_fu_1851_p2      |    or    |      0|  0|   2|           1|           1|
    |or_ln20_18_fu_1921_p2      |    or    |      0|  0|   2|           1|           1|
    |or_ln20_19_fu_1971_p2      |    or    |      0|  0|   2|           1|           1|
    |or_ln20_1_fu_891_p2        |    or    |      0|  0|   2|           1|           1|
    |or_ln20_20_fu_2041_p2      |    or    |      0|  0|   2|           1|           1|
    |or_ln20_21_fu_2091_p2      |    or    |      0|  0|   2|           1|           1|
    |or_ln20_22_fu_2166_p2      |    or    |      0|  0|   2|           1|           1|
    |or_ln20_23_fu_2216_p2      |    or    |      0|  0|   2|           1|           1|
    |or_ln20_24_fu_2266_p2      |    or    |      0|  0|   2|           1|           1|
    |or_ln20_25_fu_2316_p2      |    or    |      0|  0|   2|           1|           1|
    |or_ln20_26_fu_2366_p2      |    or    |      0|  0|   2|           1|           1|
    |or_ln20_27_fu_2416_p2      |    or    |      0|  0|   2|           1|           1|
    |or_ln20_2_fu_961_p2        |    or    |      0|  0|   2|           1|           1|
    |or_ln20_3_fu_1011_p2       |    or    |      0|  0|   2|           1|           1|
    |or_ln20_4_fu_1081_p2       |    or    |      0|  0|   2|           1|           1|
    |or_ln20_5_fu_1131_p2       |    or    |      0|  0|   2|           1|           1|
    |or_ln20_6_fu_1201_p2       |    or    |      0|  0|   2|           1|           1|
    |or_ln20_7_fu_1251_p2       |    or    |      0|  0|   2|           1|           1|
    |or_ln20_8_fu_1321_p2       |    or    |      0|  0|   2|           1|           1|
    |or_ln20_9_fu_1371_p2       |    or    |      0|  0|   2|           1|           1|
    |or_ln20_fu_841_p2          |    or    |      0|  0|   2|           1|           1|
    |select_ln19_1_fu_675_p3    |  select  |      0|  0|   3|           1|           3|
    |select_ln19_fu_667_p3      |  select  |      0|  0|   5|           1|           1|
    |select_ln20_10_fu_1453_p3  |  select  |      0|  0|  32|           1|          32|
    |select_ln20_11_fu_1503_p3  |  select  |      0|  0|  32|           1|          32|
    |select_ln20_12_fu_1573_p3  |  select  |      0|  0|  32|           1|          32|
    |select_ln20_13_fu_1623_p3  |  select  |      0|  0|  32|           1|          32|
    |select_ln20_14_fu_1693_p3  |  select  |      0|  0|  32|           1|          32|
    |select_ln20_15_fu_1743_p3  |  select  |      0|  0|  32|           1|          32|
    |select_ln20_16_fu_1813_p3  |  select  |      0|  0|  32|           1|          32|
    |select_ln20_17_fu_1863_p3  |  select  |      0|  0|  32|           1|          32|
    |select_ln20_18_fu_1933_p3  |  select  |      0|  0|  32|           1|          32|
    |select_ln20_19_fu_1983_p3  |  select  |      0|  0|  32|           1|          32|
    |select_ln20_1_fu_903_p3    |  select  |      0|  0|  32|           1|          32|
    |select_ln20_20_fu_2053_p3  |  select  |      0|  0|  32|           1|          32|
    |select_ln20_21_fu_2103_p3  |  select  |      0|  0|  32|           1|          32|
    |select_ln20_22_fu_2178_p3  |  select  |      0|  0|  32|           1|          32|
    |select_ln20_23_fu_2228_p3  |  select  |      0|  0|  32|           1|          32|
    |select_ln20_24_fu_2278_p3  |  select  |      0|  0|  32|           1|          32|
    |select_ln20_25_fu_2328_p3  |  select  |      0|  0|  32|           1|          32|
    |select_ln20_26_fu_2378_p3  |  select  |      0|  0|  32|           1|          32|
    |select_ln20_27_fu_2428_p3  |  select  |      0|  0|  32|           1|          32|
    |select_ln20_2_fu_973_p3    |  select  |      0|  0|  32|           1|          32|
    |select_ln20_3_fu_1023_p3   |  select  |      0|  0|  32|           1|          32|
    |select_ln20_4_fu_1093_p3   |  select  |      0|  0|  32|           1|          32|
    |select_ln20_5_fu_1143_p3   |  select  |      0|  0|  32|           1|          32|
    |select_ln20_6_fu_1213_p3   |  select  |      0|  0|  32|           1|          32|
    |select_ln20_7_fu_1263_p3   |  select  |      0|  0|  32|           1|          32|
    |select_ln20_8_fu_1333_p3   |  select  |      0|  0|  32|           1|          32|
    |select_ln20_9_fu_1383_p3   |  select  |      0|  0|  32|           1|          32|
    |select_ln20_fu_853_p3      |  select  |      0|  0|  32|           1|          32|
    |ap_enable_pp0              |    xor   |      0|  0|   2|           1|           2|
    +---------------------------+----------+-------+---+----+------------+------------+
    |Total                      |          |      0|  0|2442|        1158|        1438|
    +---------------------------+----------+-------+---+----+------------+------------+

    * Multiplexer: 
    +-----------------------------------------+----+-----------+-----+-----------+
    |                   Name                  | LUT| Input Size| Bits| Total Bits|
    +-----------------------------------------+----+-----------+-----+-----------+
    |ap_NS_fsm                                |  85|         17|    1|         17|
    |ap_done                                  |   9|          2|    1|          2|
    |ap_enable_reg_pp0_iter1                  |   9|          2|    1|          2|
    |ap_phi_mux_indvar_flatten_phi_fu_592_p4  |   9|          2|    8|         16|
    |ap_phi_mux_ofm_0_phi_fu_603_p4           |   9|          2|    3|          6|
    |ap_phi_mux_r_0_phi_fu_614_p4             |   9|          2|    5|         10|
    |in_r_address0                            |  62|         15|   13|        195|
    |in_r_address1                            |  62|         15|   13|        195|
    |indvar_flatten_reg_588                   |   9|          2|    8|         16|
    |ofm_0_reg_599                            |   9|          2|    3|          6|
    |out_r_address0                           |  62|         15|   13|        195|
    |out_r_address1                           |  62|         15|   13|        195|
    |out_r_d0                                 |  62|         15|   32|        480|
    |out_r_d1                                 |  62|         15|   32|        480|
    |r_0_reg_610                              |   9|          2|    5|         10|
    +-----------------------------------------+----+-----------+-----+-----------+
    |Total                                    | 529|        123|  151|       1825|
    +-----------------------------------------+----+-----------+-----+-----------+

    * Register: 
    +----------------------------------+----+----+-----+-----------+
    |               Name               | FF | LUT| Bits| Const Bits|
    +----------------------------------+----+----+-----+-----------+
    |add_ln14_reg_2440                 |   8|   0|    8|          0|
    |ap_CS_fsm                         |  16|   0|   16|          0|
    |ap_done_reg                       |   1|   0|    1|          0|
    |ap_enable_reg_pp0_iter0           |   1|   0|    1|          0|
    |ap_enable_reg_pp0_iter1           |   1|   0|    1|          0|
    |icmp_ln14_reg_2436                |   1|   0|    1|          0|
    |icmp_ln14_reg_2436_pp0_iter1_reg  |   1|   0|    1|          0|
    |indvar_flatten_reg_588            |   8|   0|    8|          0|
    |ofm_0_reg_599                     |   3|   0|    3|          0|
    |r_0_reg_610                       |   5|   0|    5|          0|
    |r_reg_2861                        |   5|   0|    5|          0|
    |reg_633                           |  32|   0|   32|          0|
    |reg_638                           |  32|   0|   32|          0|
    |select_ln19_1_reg_2451            |   3|   0|    3|          0|
    |select_ln19_reg_2445              |   5|   0|    5|          0|
    |select_ln20_10_reg_2701           |  32|   0|   32|          0|
    |select_ln20_11_reg_2706           |  32|   0|   32|          0|
    |select_ln20_12_reg_2731           |  32|   0|   32|          0|
    |select_ln20_13_reg_2736           |  32|   0|   32|          0|
    |select_ln20_14_reg_2761           |  32|   0|   32|          0|
    |select_ln20_15_reg_2766           |  32|   0|   32|          0|
    |select_ln20_16_reg_2791           |  32|   0|   32|          0|
    |select_ln20_17_reg_2796           |  32|   0|   32|          0|
    |select_ln20_18_reg_2821           |  32|   0|   32|          0|
    |select_ln20_19_reg_2826           |  32|   0|   32|          0|
    |select_ln20_1_reg_2556            |  32|   0|   32|          0|
    |select_ln20_20_reg_2851           |  32|   0|   32|          0|
    |select_ln20_21_reg_2856           |  32|   0|   32|          0|
    |select_ln20_22_reg_2886           |  32|   0|   32|          0|
    |select_ln20_23_reg_2891           |  32|   0|   32|          0|
    |select_ln20_24_reg_2896           |  32|   0|   32|          0|
    |select_ln20_25_reg_2901           |  32|   0|   32|          0|
    |select_ln20_26_reg_2906           |  32|   0|   32|          0|
    |select_ln20_27_reg_2911           |  32|   0|   32|          0|
    |select_ln20_2_reg_2581            |  32|   0|   32|          0|
    |select_ln20_3_reg_2586            |  32|   0|   32|          0|
    |select_ln20_4_reg_2611            |  32|   0|   32|          0|
    |select_ln20_5_reg_2616            |  32|   0|   32|          0|
    |select_ln20_6_reg_2641            |  32|   0|   32|          0|
    |select_ln20_7_reg_2646            |  32|   0|   32|          0|
    |select_ln20_8_reg_2671            |  32|   0|   32|          0|
    |select_ln20_9_reg_2676            |  32|   0|   32|          0|
    |select_ln20_reg_2551              |  32|   0|   32|          0|
    |sub_ln19_1_reg_2461               |  12|   0|   14|          2|
    |sub_ln19_reg_2456                 |   7|   0|    9|          2|
    |zext_ln19_10_reg_2571             |  12|   0|   64|         52|
    |zext_ln19_11_reg_2591             |  12|   0|   64|         52|
    |zext_ln19_12_reg_2601             |  12|   0|   64|         52|
    |zext_ln19_13_reg_2621             |  12|   0|   64|         52|
    |zext_ln19_14_reg_2631             |  12|   0|   64|         52|
    |zext_ln19_15_reg_2651             |  12|   0|   64|         52|
    |zext_ln19_16_reg_2661             |  12|   0|   64|         52|
    |zext_ln19_17_reg_2681             |  12|   0|   64|         52|
    |zext_ln19_18_reg_2691             |  12|   0|   64|         52|
    |zext_ln19_19_reg_2711             |  12|   0|   64|         52|
    |zext_ln19_20_reg_2721             |  12|   0|   64|         52|
    |zext_ln19_21_reg_2741             |  12|   0|   64|         52|
    |zext_ln19_22_reg_2751             |  12|   0|   64|         52|
    |zext_ln19_23_reg_2771             |  12|   0|   64|         52|
    |zext_ln19_24_reg_2781             |  12|   0|   64|         52|
    |zext_ln19_25_reg_2801             |  12|   0|   64|         52|
    |zext_ln19_26_reg_2811             |  12|   0|   64|         52|
    |zext_ln19_27_reg_2831             |  12|   0|   64|         52|
    |zext_ln19_28_reg_2841             |  12|   0|   64|         52|
    |zext_ln19_29_reg_2866             |  12|   0|   64|         52|
    |zext_ln19_30_reg_2876             |  12|   0|   64|         52|
    |zext_ln19_3_reg_2491              |  12|   0|   64|         52|
    |zext_ln19_4_reg_2501              |  12|   0|   64|         52|
    |zext_ln19_5_reg_2511              |  12|   0|   64|         52|
    |zext_ln19_6_reg_2521              |  12|   0|   64|         52|
    |zext_ln19_7_reg_2531              |  12|   0|   64|         52|
    |zext_ln19_8_reg_2541              |  12|   0|   64|         52|
    |zext_ln19_9_reg_2561              |  12|   0|   64|         52|
    +----------------------------------+----+----+-----+-----------+
    |Total                             |1373|   0| 2833|       1460|
    +----------------------------------+----+----+-----+-----------+



================================================================
== Interface
================================================================
* Summary: 
+----------------+-----+-----+------------+--------------+--------------+
|    RTL Ports   | Dir | Bits|  Protocol  | Source Object|    C Type    |
+----------------+-----+-----+------------+--------------+--------------+
|ap_clk          |  in |    1| ap_ctrl_hs |    relu_R1   | return value |
|ap_rst          |  in |    1| ap_ctrl_hs |    relu_R1   | return value |
|ap_start        |  in |    1| ap_ctrl_hs |    relu_R1   | return value |
|ap_done         | out |    1| ap_ctrl_hs |    relu_R1   | return value |
|ap_continue     |  in |    1| ap_ctrl_hs |    relu_R1   | return value |
|ap_idle         | out |    1| ap_ctrl_hs |    relu_R1   | return value |
|ap_ready        | out |    1| ap_ctrl_hs |    relu_R1   | return value |
|in_r_address0   | out |   13|  ap_memory |     in_r     |     array    |
|in_r_ce0        | out |    1|  ap_memory |     in_r     |     array    |
|in_r_q0         |  in |   32|  ap_memory |     in_r     |     array    |
|in_r_address1   | out |   13|  ap_memory |     in_r     |     array    |
|in_r_ce1        | out |    1|  ap_memory |     in_r     |     array    |
|in_r_q1         |  in |   32|  ap_memory |     in_r     |     array    |
|out_r_address0  | out |   13|  ap_memory |     out_r    |     array    |
|out_r_ce0       | out |    1|  ap_memory |     out_r    |     array    |
|out_r_we0       | out |    1|  ap_memory |     out_r    |     array    |
|out_r_d0        | out |   32|  ap_memory |     out_r    |     array    |
|out_r_address1  | out |   13|  ap_memory |     out_r    |     array    |
|out_r_ce1       | out |    1|  ap_memory |     out_r    |     array    |
|out_r_we1       | out |    1|  ap_memory |     out_r    |     array    |
|out_r_d1        | out |   32|  ap_memory |     out_r    |     array    |
+----------------+-----+-----+------------+--------------+--------------+

