

================================================================
== Vivado HLS Report for 'relu_R1'
================================================================
* Date:           Thu Mar 19 00:16:55 2020

* Version:        2019.1 (Build 2552052 on Fri May 24 15:28:33 MDT 2019)
* Project:        lenet_cnn3_Accuracy
* Solution:       solution2_float
* Product family: zynq
* Target device:  xc7z020-clg400-1


================================================================
== Performance Estimates
================================================================
+ Timing (ns): 
    * Summary: 
    +--------+-------+----------+------------+
    |  Clock | Target| Estimated| Uncertainty|
    +--------+-------+----------+------------+
    |ap_clk  |  10.00|     8.719|        1.25|
    +--------+-------+----------+------------+

+ Latency (clock cycles): 
    * Summary: 
    +------+------+------+------+---------+
    |   Latency   |   Interval  | Pipeline|
    |  min |  max |  min |  max |   Type  |
    +------+------+------+------+---------+
    |  2358|  2358|  2358|  2358|   none  |
    +------+------+------+------+---------+

    + Detail: 
        * Instance: 
        N/A

        * Loop: 
        +-----------+------+------+----------+-----------+-----------+------+----------+
        |           |   Latency   | Iteration|  Initiation Interval  | Trip |          |
        | Loop Name |  min |  max |  Latency |  achieved |   target  | Count| Pipelined|
        +-----------+------+------+----------+-----------+-----------+------+----------+
        |- OFM_ROW  |  2356|  2356|        19|         14|          1|   168|    yes   |
        +-----------+------+------+----------+-----------+-----------+------+----------+



================================================================
== Utilization Estimates
================================================================
* Summary: 
+-----------------+---------+-------+--------+-------+-----+
|       Name      | BRAM_18K| DSP48E|   FF   |  LUT  | URAM|
+-----------------+---------+-------+--------+-------+-----+
|DSP              |        -|      -|       -|      -|    -|
|Expression       |        -|      -|       0|   3000|    -|
|FIFO             |        -|      -|       -|      -|    -|
|Instance         |        -|      0|     132|    478|    -|
|Memory           |        -|      -|       -|      -|    -|
|Multiplexer      |        -|      -|       -|    713|    -|
|Register         |        -|      -|    1116|      -|    -|
+-----------------+---------+-------+--------+-------+-----+
|Total            |        0|      0|    1248|   4191|    0|
+-----------------+---------+-------+--------+-------+-----+
|Available        |      280|    220|  106400|  53200|    0|
+-----------------+---------+-------+--------+-------+-----+
|Utilization (%)  |        0|      0|       1|      7|    0|
+-----------------+---------+-------+--------+-------+-----+

+ Detail: 
    * Instance: 
    +--------------------------+----------------------+---------+-------+----+-----+-----+
    |         Instance         |        Module        | BRAM_18K| DSP48E| FF | LUT | URAM|
    +--------------------------+----------------------+---------+-------+----+-----+-----+
    |lenet_fcmp_32ns_3xdS_U35  |lenet_fcmp_32ns_3xdS  |        0|      0|  66|  239|    0|
    |lenet_fcmp_32ns_3xdS_U36  |lenet_fcmp_32ns_3xdS  |        0|      0|  66|  239|    0|
    +--------------------------+----------------------+---------+-------+----+-----+-----+
    |Total                     |                      |        0|      0| 132|  478|    0|
    +--------------------------+----------------------+---------+-------+----+-----+-----+

    * DSP48E: 
    N/A

    * Memory: 
    N/A

    * FIFO: 
    N/A

    * Expression: 
    +---------------------------+----------+-------+---+----+------------+------------+
    |       Variable Name       | Operation| DSP48E| FF| LUT| Bitwidth P0| Bitwidth P1|
    +---------------------------+----------+-------+---+----+------------+------------+
    |add_ln14_fu_972_p2         |     +    |      0|  0|  15|           8|           1|
    |add_ln19_10_fu_1636_p2     |     +    |      0|  0|  17|           4|          13|
    |add_ln19_11_fu_1767_p2     |     +    |      0|  0|  17|           4|          13|
    |add_ln19_12_fu_1778_p2     |     +    |      0|  0|  17|           4|          13|
    |add_ln19_13_fu_1909_p2     |     +    |      0|  0|  17|           5|          13|
    |add_ln19_14_fu_1920_p2     |     +    |      0|  0|  17|           5|          13|
    |add_ln19_15_fu_2051_p2     |     +    |      0|  0|  17|           5|          13|
    |add_ln19_16_fu_2062_p2     |     +    |      0|  0|  17|           5|          13|
    |add_ln19_17_fu_2193_p2     |     +    |      0|  0|  17|           5|          13|
    |add_ln19_18_fu_2204_p2     |     +    |      0|  0|  17|           5|          13|
    |add_ln19_19_fu_2335_p2     |     +    |      0|  0|  17|           5|          13|
    |add_ln19_1_fu_1131_p2      |     +    |      0|  0|  17|           3|          13|
    |add_ln19_20_fu_2346_p2     |     +    |      0|  0|  17|           5|          13|
    |add_ln19_21_fu_2477_p2     |     +    |      0|  0|  17|           5|          13|
    |add_ln19_22_fu_2488_p2     |     +    |      0|  0|  17|           5|          13|
    |add_ln19_23_fu_2624_p2     |     +    |      0|  0|  17|           5|          13|
    |add_ln19_24_fu_2635_p2     |     +    |      0|  0|  17|           5|          13|
    |add_ln19_2_fu_1142_p2      |     +    |      0|  0|  17|           3|          13|
    |add_ln19_3_fu_1181_p2      |     +    |      0|  0|  17|           3|          13|
    |add_ln19_4_fu_1192_p2      |     +    |      0|  0|  17|           3|          13|
    |add_ln19_5_fu_1309_p2      |     +    |      0|  0|  17|           4|          13|
    |add_ln19_6_fu_1320_p2      |     +    |      0|  0|  17|           4|          13|
    |add_ln19_7_fu_1483_p2      |     +    |      0|  0|  17|           4|          13|
    |add_ln19_8_fu_1494_p2      |     +    |      0|  0|  17|           4|          13|
    |add_ln19_9_fu_1625_p2      |     +    |      0|  0|  17|           4|          13|
    |add_ln19_fu_1055_p2        |     +    |      0|  0|  15|           9|           9|
    |add_ln20_10_fu_2225_p2     |     +    |      0|  0|  19|           4|          14|
    |add_ln20_11_fu_2357_p2     |     +    |      0|  0|  19|           4|          14|
    |add_ln20_12_fu_2367_p2     |     +    |      0|  0|  19|           4|          14|
    |add_ln20_13_fu_2499_p2     |     +    |      0|  0|  19|           5|          14|
    |add_ln20_14_fu_2509_p2     |     +    |      0|  0|  19|           5|          14|
    |add_ln20_15_fu_2646_p2     |     +    |      0|  0|  19|           5|          14|
    |add_ln20_16_fu_2656_p2     |     +    |      0|  0|  19|           5|          14|
    |add_ln20_17_fu_2766_p2     |     +    |      0|  0|  19|           5|          14|
    |add_ln20_18_fu_2776_p2     |     +    |      0|  0|  19|           5|          14|
    |add_ln20_19_fu_2886_p2     |     +    |      0|  0|  19|           5|          14|
    |add_ln20_1_fu_1647_p2      |     +    |      0|  0|  19|           3|          14|
    |add_ln20_20_fu_2896_p2     |     +    |      0|  0|  19|           5|          14|
    |add_ln20_21_fu_3006_p2     |     +    |      0|  0|  19|           5|          14|
    |add_ln20_22_fu_3016_p2     |     +    |      0|  0|  19|           5|          14|
    |add_ln20_23_fu_3126_p2     |     +    |      0|  0|  19|           5|          14|
    |add_ln20_24_fu_3136_p2     |     +    |      0|  0|  19|           5|          14|
    |add_ln20_2_fu_1657_p2      |     +    |      0|  0|  19|           3|          14|
    |add_ln20_3_fu_1789_p2      |     +    |      0|  0|  19|           3|          14|
    |add_ln20_4_fu_1799_p2      |     +    |      0|  0|  19|           3|          14|
    |add_ln20_5_fu_1931_p2      |     +    |      0|  0|  19|           4|          14|
    |add_ln20_6_fu_1941_p2      |     +    |      0|  0|  19|           4|          14|
    |add_ln20_7_fu_2073_p2      |     +    |      0|  0|  19|           4|          14|
    |add_ln20_8_fu_2083_p2      |     +    |      0|  0|  19|           4|          14|
    |add_ln20_9_fu_2215_p2      |     +    |      0|  0|  19|           4|          14|
    |add_ln20_fu_1331_p2        |     +    |      0|  0|  14|          10|          10|
    |ofm_fu_978_p2              |     +    |      0|  0|  12|           1|           3|
    |r_fu_2619_p2               |     +    |      0|  0|  15|           1|           5|
    |sub_ln19_1_fu_1085_p2      |     -    |      0|  0|  17|          13|          13|
    |sub_ln19_fu_1042_p2        |     -    |      0|  0|  15|           8|           8|
    |sub_ln20_1_fu_1361_p2      |     -    |      0|  0|  19|          14|          14|
    |sub_ln20_fu_1175_p2        |     -    |      0|  0|  15|           9|           9|
    |and_ln20_10_fu_1987_p2     |    and   |      0|  0|   2|           1|           1|
    |and_ln20_11_fu_2037_p2     |    and   |      0|  0|   2|           1|           1|
    |and_ln20_12_fu_2129_p2     |    and   |      0|  0|   2|           1|           1|
    |and_ln20_13_fu_2179_p2     |    and   |      0|  0|   2|           1|           1|
    |and_ln20_14_fu_2271_p2     |    and   |      0|  0|   2|           1|           1|
    |and_ln20_15_fu_2321_p2     |    and   |      0|  0|   2|           1|           1|
    |and_ln20_16_fu_2413_p2     |    and   |      0|  0|   2|           1|           1|
    |and_ln20_17_fu_2463_p2     |    and   |      0|  0|   2|           1|           1|
    |and_ln20_18_fu_2555_p2     |    and   |      0|  0|   2|           1|           1|
    |and_ln20_19_fu_2605_p2     |    and   |      0|  0|   2|           1|           1|
    |and_ln20_1_fu_1289_p2      |    and   |      0|  0|   2|           1|           1|
    |and_ln20_20_fu_2702_p2     |    and   |      0|  0|   2|           1|           1|
    |and_ln20_21_fu_2752_p2     |    and   |      0|  0|   2|           1|           1|
    |and_ln20_22_fu_2822_p2     |    and   |      0|  0|   2|           1|           1|
    |and_ln20_23_fu_2872_p2     |    and   |      0|  0|   2|           1|           1|
    |and_ln20_24_fu_2942_p2     |    and   |      0|  0|   2|           1|           1|
    |and_ln20_25_fu_2992_p2     |    and   |      0|  0|   2|           1|           1|
    |and_ln20_26_fu_3062_p2     |    and   |      0|  0|   2|           1|           1|
    |and_ln20_27_fu_3112_p2     |    and   |      0|  0|   2|           1|           1|
    |and_ln20_2_fu_1419_p2      |    and   |      0|  0|   2|           1|           1|
    |and_ln20_3_fu_1469_p2      |    and   |      0|  0|   2|           1|           1|
    |and_ln20_4_fu_1561_p2      |    and   |      0|  0|   2|           1|           1|
    |and_ln20_5_fu_1611_p2      |    and   |      0|  0|   2|           1|           1|
    |and_ln20_6_fu_1703_p2      |    and   |      0|  0|   2|           1|           1|
    |and_ln20_7_fu_1753_p2      |    and   |      0|  0|   2|           1|           1|
    |and_ln20_8_fu_1845_p2      |    and   |      0|  0|   2|           1|           1|
    |and_ln20_9_fu_1895_p2      |    and   |      0|  0|   2|           1|           1|
    |and_ln20_fu_1239_p2        |    and   |      0|  0|   2|           1|           1|
    |icmp_ln14_fu_966_p2        |   icmp   |      0|  0|  11|           8|           8|
    |icmp_ln15_fu_984_p2        |   icmp   |      0|  0|  11|           5|           4|
    |icmp_ln20_10_fu_1593_p2    |   icmp   |      0|  0|  11|           8|           2|
    |icmp_ln20_11_fu_1599_p2    |   icmp   |      0|  0|  18|          23|           1|
    |icmp_ln20_12_fu_1685_p2    |   icmp   |      0|  0|  11|           8|           2|
    |icmp_ln20_13_fu_1691_p2    |   icmp   |      0|  0|  18|          23|           1|
    |icmp_ln20_14_fu_1735_p2    |   icmp   |      0|  0|  11|           8|           2|
    |icmp_ln20_15_fu_1741_p2    |   icmp   |      0|  0|  18|          23|           1|
    |icmp_ln20_16_fu_1827_p2    |   icmp   |      0|  0|  11|           8|           2|
    |icmp_ln20_17_fu_1833_p2    |   icmp   |      0|  0|  18|          23|           1|
    |icmp_ln20_18_fu_1877_p2    |   icmp   |      0|  0|  11|           8|           2|
    |icmp_ln20_19_fu_1883_p2    |   icmp   |      0|  0|  18|          23|           1|
    |icmp_ln20_1_fu_1227_p2     |   icmp   |      0|  0|  18|          23|           1|
    |icmp_ln20_20_fu_1969_p2    |   icmp   |      0|  0|  11|           8|           2|
    |icmp_ln20_21_fu_1975_p2    |   icmp   |      0|  0|  18|          23|           1|
    |icmp_ln20_22_fu_2019_p2    |   icmp   |      0|  0|  11|           8|           2|
    |icmp_ln20_23_fu_2025_p2    |   icmp   |      0|  0|  18|          23|           1|
    |icmp_ln20_24_fu_2111_p2    |   icmp   |      0|  0|  11|           8|           2|
    |icmp_ln20_25_fu_2117_p2    |   icmp   |      0|  0|  18|          23|           1|
    |icmp_ln20_26_fu_2161_p2    |   icmp   |      0|  0|  11|           8|           2|
    |icmp_ln20_27_fu_2167_p2    |   icmp   |      0|  0|  18|          23|           1|
    |icmp_ln20_28_fu_2253_p2    |   icmp   |      0|  0|  11|           8|           2|
    |icmp_ln20_29_fu_2259_p2    |   icmp   |      0|  0|  18|          23|           1|
    |icmp_ln20_2_fu_1271_p2     |   icmp   |      0|  0|  11|           8|           2|
    |icmp_ln20_30_fu_2303_p2    |   icmp   |      0|  0|  11|           8|           2|
    |icmp_ln20_31_fu_2309_p2    |   icmp   |      0|  0|  18|          23|           1|
    |icmp_ln20_32_fu_2395_p2    |   icmp   |      0|  0|  11|           8|           2|
    |icmp_ln20_33_fu_2401_p2    |   icmp   |      0|  0|  18|          23|           1|
    |icmp_ln20_34_fu_2445_p2    |   icmp   |      0|  0|  11|           8|           2|
    |icmp_ln20_35_fu_2451_p2    |   icmp   |      0|  0|  18|          23|           1|
    |icmp_ln20_36_fu_2537_p2    |   icmp   |      0|  0|  11|           8|           2|
    |icmp_ln20_37_fu_2543_p2    |   icmp   |      0|  0|  18|          23|           1|
    |icmp_ln20_38_fu_2587_p2    |   icmp   |      0|  0|  11|           8|           2|
    |icmp_ln20_39_fu_2593_p2    |   icmp   |      0|  0|  18|          23|           1|
    |icmp_ln20_3_fu_1277_p2     |   icmp   |      0|  0|  18|          23|           1|
    |icmp_ln20_40_fu_2684_p2    |   icmp   |      0|  0|  11|           8|           2|
    |icmp_ln20_41_fu_2690_p2    |   icmp   |      0|  0|  18|          23|           1|
    |icmp_ln20_42_fu_2734_p2    |   icmp   |      0|  0|  11|           8|           2|
    |icmp_ln20_43_fu_2740_p2    |   icmp   |      0|  0|  18|          23|           1|
    |icmp_ln20_44_fu_2804_p2    |   icmp   |      0|  0|  11|           8|           2|
    |icmp_ln20_45_fu_2810_p2    |   icmp   |      0|  0|  18|          23|           1|
    |icmp_ln20_46_fu_2854_p2    |   icmp   |      0|  0|  11|           8|           2|
    |icmp_ln20_47_fu_2860_p2    |   icmp   |      0|  0|  18|          23|           1|
    |icmp_ln20_48_fu_2924_p2    |   icmp   |      0|  0|  11|           8|           2|
    |icmp_ln20_49_fu_2930_p2    |   icmp   |      0|  0|  18|          23|           1|
    |icmp_ln20_4_fu_1401_p2     |   icmp   |      0|  0|  11|           8|           2|
    |icmp_ln20_50_fu_2974_p2    |   icmp   |      0|  0|  11|           8|           2|
    |icmp_ln20_51_fu_2980_p2    |   icmp   |      0|  0|  18|          23|           1|
    |icmp_ln20_52_fu_3044_p2    |   icmp   |      0|  0|  11|           8|           2|
    |icmp_ln20_53_fu_3050_p2    |   icmp   |      0|  0|  18|          23|           1|
    |icmp_ln20_54_fu_3094_p2    |   icmp   |      0|  0|  11|           8|           2|
    |icmp_ln20_55_fu_3100_p2    |   icmp   |      0|  0|  18|          23|           1|
    |icmp_ln20_5_fu_1407_p2     |   icmp   |      0|  0|  18|          23|           1|
    |icmp_ln20_6_fu_1451_p2     |   icmp   |      0|  0|  11|           8|           2|
    |icmp_ln20_7_fu_1457_p2     |   icmp   |      0|  0|  18|          23|           1|
    |icmp_ln20_8_fu_1543_p2     |   icmp   |      0|  0|  11|           8|           2|
    |icmp_ln20_9_fu_1549_p2     |   icmp   |      0|  0|  18|          23|           1|
    |icmp_ln20_fu_1221_p2       |   icmp   |      0|  0|  11|           8|           2|
    |ap_block_state1            |    or    |      0|  0|   2|           1|           1|
    |or_ln19_1_fu_1109_p2       |    or    |      0|  0|  13|          13|           2|
    |or_ln19_2_fu_1120_p2       |    or    |      0|  0|  13|          13|           2|
    |or_ln19_fu_1097_p2         |    or    |      0|  0|  13|          13|           1|
    |or_ln20_10_fu_1981_p2      |    or    |      0|  0|   2|           1|           1|
    |or_ln20_11_fu_2031_p2      |    or    |      0|  0|   2|           1|           1|
    |or_ln20_12_fu_2123_p2      |    or    |      0|  0|   2|           1|           1|
    |or_ln20_13_fu_2173_p2      |    or    |      0|  0|   2|           1|           1|
    |or_ln20_14_fu_2265_p2      |    or    |      0|  0|   2|           1|           1|
    |or_ln20_15_fu_2315_p2      |    or    |      0|  0|   2|           1|           1|
    |or_ln20_16_fu_2407_p2      |    or    |      0|  0|   2|           1|           1|
    |or_ln20_17_fu_2457_p2      |    or    |      0|  0|   2|           1|           1|
    |or_ln20_18_fu_2549_p2      |    or    |      0|  0|   2|           1|           1|
    |or_ln20_19_fu_2599_p2      |    or    |      0|  0|   2|           1|           1|
    |or_ln20_1_fu_1283_p2       |    or    |      0|  0|   2|           1|           1|
    |or_ln20_20_fu_2696_p2      |    or    |      0|  0|   2|           1|           1|
    |or_ln20_21_fu_2746_p2      |    or    |      0|  0|   2|           1|           1|
    |or_ln20_22_fu_2816_p2      |    or    |      0|  0|   2|           1|           1|
    |or_ln20_23_fu_2866_p2      |    or    |      0|  0|   2|           1|           1|
    |or_ln20_24_fu_2936_p2      |    or    |      0|  0|   2|           1|           1|
    |or_ln20_25_fu_2986_p2      |    or    |      0|  0|   2|           1|           1|
    |or_ln20_26_fu_3056_p2      |    or    |      0|  0|   2|           1|           1|
    |or_ln20_27_fu_3106_p2      |    or    |      0|  0|   2|           1|           1|
    |or_ln20_28_fu_1372_p2      |    or    |      0|  0|  14|          14|           1|
    |or_ln20_29_fu_1505_p2      |    or    |      0|  0|  14|          14|           2|
    |or_ln20_2_fu_1413_p2       |    or    |      0|  0|   2|           1|           1|
    |or_ln20_30_fu_1515_p2      |    or    |      0|  0|  14|          14|           2|
    |or_ln20_3_fu_1463_p2       |    or    |      0|  0|   2|           1|           1|
    |or_ln20_4_fu_1555_p2       |    or    |      0|  0|   2|           1|           1|
    |or_ln20_5_fu_1605_p2       |    or    |      0|  0|   2|           1|           1|
    |or_ln20_6_fu_1697_p2       |    or    |      0|  0|   2|           1|           1|
    |or_ln20_7_fu_1747_p2       |    or    |      0|  0|   2|           1|           1|
    |or_ln20_8_fu_1839_p2       |    or    |      0|  0|   2|           1|           1|
    |or_ln20_9_fu_1889_p2       |    or    |      0|  0|   2|           1|           1|
    |or_ln20_fu_1233_p2         |    or    |      0|  0|   2|           1|           1|
    |grp_fu_932_p3              |  select  |      0|  0|  32|           1|          32|
    |grp_fu_939_p3              |  select  |      0|  0|  32|           1|          32|
    |select_ln19_28_fu_990_p3   |  select  |      0|  0|   5|           1|           1|
    |select_ln19_29_fu_998_p3   |  select  |      0|  0|   3|           1|           3|
    |select_ln20_10_fu_1993_p3  |  select  |      0|  0|  32|           1|          32|
    |select_ln20_11_fu_2043_p3  |  select  |      0|  0|  32|           1|          32|
    |select_ln20_12_fu_2135_p3  |  select  |      0|  0|  32|           1|          32|
    |select_ln20_13_fu_2185_p3  |  select  |      0|  0|  32|           1|          32|
    |select_ln20_14_fu_2277_p3  |  select  |      0|  0|  32|           1|          32|
    |select_ln20_15_fu_2327_p3  |  select  |      0|  0|  32|           1|          32|
    |select_ln20_16_fu_2419_p3  |  select  |      0|  0|  32|           1|          32|
    |select_ln20_17_fu_2469_p3  |  select  |      0|  0|  32|           1|          32|
    |select_ln20_18_fu_2561_p3  |  select  |      0|  0|  32|           1|          32|
    |select_ln20_19_fu_2611_p3  |  select  |      0|  0|  32|           1|          32|
    |select_ln20_1_fu_1295_p3   |  select  |      0|  0|  32|           1|          32|
    |select_ln20_20_fu_2708_p3  |  select  |      0|  0|  32|           1|          32|
    |select_ln20_21_fu_2758_p3  |  select  |      0|  0|  32|           1|          32|
    |select_ln20_22_fu_2828_p3  |  select  |      0|  0|  32|           1|          32|
    |select_ln20_23_fu_2878_p3  |  select  |      0|  0|  32|           1|          32|
    |select_ln20_24_fu_2948_p3  |  select  |      0|  0|  32|           1|          32|
    |select_ln20_25_fu_2998_p3  |  select  |      0|  0|  32|           1|          32|
    |select_ln20_26_fu_3068_p3  |  select  |      0|  0|  32|           1|          32|
    |select_ln20_27_fu_3118_p3  |  select  |      0|  0|  32|           1|          32|
    |select_ln20_2_fu_1425_p3   |  select  |      0|  0|  32|           1|          32|
    |select_ln20_3_fu_1475_p3   |  select  |      0|  0|  32|           1|          32|
    |select_ln20_4_fu_1567_p3   |  select  |      0|  0|  32|           1|          32|
    |select_ln20_5_fu_1617_p3   |  select  |      0|  0|  32|           1|          32|
    |select_ln20_6_fu_1709_p3   |  select  |      0|  0|  32|           1|          32|
    |select_ln20_7_fu_1759_p3   |  select  |      0|  0|  32|           1|          32|
    |select_ln20_8_fu_1851_p3   |  select  |      0|  0|  32|           1|          32|
    |select_ln20_9_fu_1901_p3   |  select  |      0|  0|  32|           1|          32|
    |select_ln20_fu_1245_p3     |  select  |      0|  0|  32|           1|          32|
    |ap_enable_pp0              |    xor   |      0|  0|   2|           1|           2|
    +---------------------------+----------+-------+---+----+------------+------------+
    |Total                      |          |      0|  0|3000|        1333|        1849|
    +---------------------------+----------+-------+---+----+------------+------------+

    * Multiplexer: 
    +-----------------------------------------+----+-----------+-----+-----------+
    |                   Name                  | LUT| Input Size| Bits| Total Bits|
    +-----------------------------------------+----+-----------+-----+-----------+
    |ap_NS_fsm                                |  85|         17|    1|         17|
    |ap_done                                  |   9|          2|    1|          2|
    |ap_enable_reg_pp0_iter1                  |   9|          2|    1|          2|
    |ap_phi_mux_indvar_flatten_phi_fu_893_p4  |   9|          2|    8|         16|
    |ap_phi_mux_ofm_0_phi_fu_904_p4           |   9|          2|    3|          6|
    |ap_phi_mux_r_0_phi_fu_915_p4             |   9|          2|    5|         10|
    |grp_fu_922_p0                            |  15|          3|   32|         96|
    |grp_fu_927_p0                            |  15|          3|   32|         96|
    |grp_fu_932_p0                            |  15|          3|    1|          3|
    |grp_fu_939_p0                            |  15|          3|    1|          3|
    |in_0_address0                            |  62|         15|   12|        180|
    |in_0_address1                            |  62|         15|   12|        180|
    |in_1_address0                            |  62|         15|   12|        180|
    |in_1_address1                            |  62|         15|   12|        180|
    |indvar_flatten_reg_889                   |   9|          2|    8|         16|
    |ofm_0_reg_900                            |   9|          2|    3|          6|
    |out_r_address0                           |  62|         15|   13|        195|
    |out_r_address1                           |  62|         15|   13|        195|
    |out_r_d0                                 |  62|         15|   32|        480|
    |out_r_d1                                 |  62|         15|   32|        480|
    |r_0_reg_911                              |   9|          2|    5|         10|
    +-----------------------------------------+----+-----------+-----+-----------+
    |Total                                    | 713|        165|  239|       2353|
    +-----------------------------------------+----+-----------+-----+-----------+

    * Register: 
    +-----------------------------------+----+----+-----+-----------+
    |                Name               | FF | LUT| Bits| Const Bits|
    +-----------------------------------+----+----+-----+-----------+
    |add_ln14_reg_3150                  |   8|   0|    8|          0|
    |ap_CS_fsm                          |  16|   0|   16|          0|
    |ap_done_reg                        |   1|   0|    1|          0|
    |ap_enable_reg_pp0_iter0            |   1|   0|    1|          0|
    |ap_enable_reg_pp0_iter1            |   1|   0|    1|          0|
    |icmp_ln14_reg_3146                 |   1|   0|    1|          0|
    |icmp_ln14_reg_3146_pp0_iter1_reg   |   1|   0|    1|          0|
    |indvar_flatten_reg_889             |   8|   0|    8|          0|
    |ofm_0_reg_900                      |   3|   0|    3|          0|
    |r_0_reg_911                        |   5|   0|    5|          0|
    |r_reg_3606                         |   5|   0|    5|          0|
    |reg_946                            |  32|   0|   32|          0|
    |reg_951                            |  32|   0|   32|          0|
    |reg_956                            |  32|   0|   32|          0|
    |reg_961                            |  32|   0|   32|          0|
    |select_ln19_28_reg_3155            |   5|   0|    5|          0|
    |select_ln19_29_reg_3162            |   3|   0|    3|          0|
    |select_ln20_10_reg_3476            |  32|   0|   32|          0|
    |select_ln20_11_reg_3481            |  32|   0|   32|          0|
    |select_ln20_12_reg_3506            |  32|   0|   32|          0|
    |select_ln20_13_reg_3511            |  32|   0|   32|          0|
    |select_ln20_14_reg_3536            |  32|   0|   32|          0|
    |select_ln20_15_reg_3541            |  32|   0|   32|          0|
    |select_ln20_16_reg_3566            |  32|   0|   32|          0|
    |select_ln20_17_reg_3571            |  32|   0|   32|          0|
    |select_ln20_18_reg_3596            |  32|   0|   32|          0|
    |select_ln20_19_reg_3601            |  32|   0|   32|          0|
    |select_ln20_1_reg_3301             |  32|   0|   32|          0|
    |select_ln20_20_reg_3631            |  32|   0|   32|          0|
    |select_ln20_21_reg_3636            |  32|   0|   32|          0|
    |select_ln20_22_reg_3641            |  32|   0|   32|          0|
    |select_ln20_23_reg_3646            |  32|   0|   32|          0|
    |select_ln20_24_reg_3651            |  32|   0|   32|          0|
    |select_ln20_25_reg_3656            |  32|   0|   32|          0|
    |select_ln20_26_reg_3661            |  32|   0|   32|          0|
    |select_ln20_27_reg_3666            |  32|   0|   32|          0|
    |select_ln20_2_reg_3356             |  32|   0|   32|          0|
    |select_ln20_3_reg_3361             |  32|   0|   32|          0|
    |select_ln20_4_reg_3386             |  32|   0|   32|          0|
    |select_ln20_5_reg_3391             |  32|   0|   32|          0|
    |select_ln20_6_reg_3416             |  32|   0|   32|          0|
    |select_ln20_7_reg_3421             |  32|   0|   32|          0|
    |select_ln20_8_reg_3446             |  32|   0|   32|          0|
    |select_ln20_9_reg_3451             |  32|   0|   32|          0|
    |select_ln20_reg_3296               |  32|   0|   32|          0|
    |sub_ln19_1_reg_3181                |  11|   0|   13|          2|
    |sub_ln20_1_reg_3326                |  12|   0|   14|          2|
    |sub_ln20_reg_3271                  |   7|   0|    9|          2|
    |trunc_ln19_reg_3169                |   1|   0|    1|          0|
    |trunc_ln19_reg_3169_pp0_iter1_reg  |   1|   0|    1|          0|
    |zext_ln19_2_mid2_v_reg_3175        |   2|   0|    2|          0|
    +-----------------------------------+----+----+-----+-----------+
    |Total                              |1116|   0| 1122|          6|
    +-----------------------------------+----+----+-----+-----------+



================================================================
== Interface
================================================================
* Summary: 
+----------------+-----+-----+------------+--------------+--------------+
|    RTL Ports   | Dir | Bits|  Protocol  | Source Object|    C Type    |
+----------------+-----+-----+------------+--------------+--------------+
|ap_clk          |  in |    1| ap_ctrl_hs |    relu_R1   | return value |
|ap_rst          |  in |    1| ap_ctrl_hs |    relu_R1   | return value |
|ap_start        |  in |    1| ap_ctrl_hs |    relu_R1   | return value |
|ap_done         | out |    1| ap_ctrl_hs |    relu_R1   | return value |
|ap_continue     |  in |    1| ap_ctrl_hs |    relu_R1   | return value |
|ap_idle         | out |    1| ap_ctrl_hs |    relu_R1   | return value |
|ap_ready        | out |    1| ap_ctrl_hs |    relu_R1   | return value |
|in_0_address0   | out |   12|  ap_memory |     in_0     |     array    |
|in_0_ce0        | out |    1|  ap_memory |     in_0     |     array    |
|in_0_q0         |  in |   32|  ap_memory |     in_0     |     array    |
|in_0_address1   | out |   12|  ap_memory |     in_0     |     array    |
|in_0_ce1        | out |    1|  ap_memory |     in_0     |     array    |
|in_0_q1         |  in |   32|  ap_memory |     in_0     |     array    |
|in_1_address0   | out |   12|  ap_memory |     in_1     |     array    |
|in_1_ce0        | out |    1|  ap_memory |     in_1     |     array    |
|in_1_q0         |  in |   32|  ap_memory |     in_1     |     array    |
|in_1_address1   | out |   12|  ap_memory |     in_1     |     array    |
|in_1_ce1        | out |    1|  ap_memory |     in_1     |     array    |
|in_1_q1         |  in |   32|  ap_memory |     in_1     |     array    |
|out_r_address0  | out |   13|  ap_memory |     out_r    |     array    |
|out_r_ce0       | out |    1|  ap_memory |     out_r    |     array    |
|out_r_we0       | out |    1|  ap_memory |     out_r    |     array    |
|out_r_d0        | out |   32|  ap_memory |     out_r    |     array    |
|out_r_address1  | out |   13|  ap_memory |     out_r    |     array    |
|out_r_ce1       | out |    1|  ap_memory |     out_r    |     array    |
|out_r_we1       | out |    1|  ap_memory |     out_r    |     array    |
|out_r_d1        | out |   32|  ap_memory |     out_r    |     array    |
+----------------+-----+-----+------------+--------------+--------------+

