

================================================================
== Vivado HLS Report for 'conv2d_C1'
================================================================
* Date:           Sat Mar 14 15:27:12 2020

* Version:        2019.1 (Build 2552052 on Fri May 24 15:28:33 MDT 2019)
* Project:        lenet_cnn
* Solution:       solution1
* Product family: zynq
* Target device:  xc7z020-clg400-1


================================================================
== Performance Estimates
================================================================
+ Timing (ns): 
    * Summary: 
    +--------+-------+----------+------------+
    |  Clock | Target| Estimated| Uncertainty|
    +--------+-------+----------+------------+
    |ap_clk  |  10.00|     8.238|        1.25|
    +--------+-------+----------+------------+

+ Latency (clock cycles): 
    * Summary: 
    +--------+--------+--------+--------+---------+
    |     Latency     |     Interval    | Pipeline|
    |   min  |   max  |   min  |   max  |   Type  |
    +--------+--------+--------+--------+---------+
    |  551407|  551407|  551407|  551407|   none  |
    +--------+--------+--------+--------+---------+

    + Detail: 
        * Instance: 
        N/A

        * Loop: 
        +----------------+--------+--------+----------+-----------+-----------+------+----------+
        |                |     Latency     | Iteration|  Initiation Interval  | Trip |          |
        |    Loop Name   |   min  |   max  |  Latency |  achieved |   target  | Count| Pipelined|
        +----------------+--------+--------+----------+-----------+-----------+------+----------+
        |- OFM           |  551406|  551406|     91901|          -|          -|     6|    no    |
        | + ROW_CLR      |     840|     840|        30|          -|          -|    28|    no    |
        |  ++ COL_CLR    |      28|      28|         1|          -|          -|    28|    no    |
        | + ROW          |   89432|   89432|      3194|          -|          -|    28|    no    |
        |  ++ COL        |    3192|    3192|       114|          -|          -|    28|    no    |
        |   +++ K_ROW    |     105|     105|        35|          -|          -|     3|    no    |
        |    ++++ K_COL  |      33|      33|        11|          -|          -|     3|    no    |
        | + ROW_CPY      |    1624|    1624|        58|          -|          -|    28|    no    |
        |  ++ COL_CPY    |      56|      56|         2|          -|          -|    28|    no    |
        +----------------+--------+--------+----------+-----------+-----------+------+----------+



================================================================
== Utilization Estimates
================================================================
* Summary: 
+-----------------+---------+-------+--------+-------+-----+
|       Name      | BRAM_18K| DSP48E|   FF   |  LUT  | URAM|
+-----------------+---------+-------+--------+-------+-----+
|DSP              |        -|      -|       -|      -|    -|
|Expression       |        -|      -|       0|    554|    -|
|FIFO             |        -|      -|       -|      -|    -|
|Instance         |        -|      5|     348|    711|    -|
|Memory           |        3|      -|      32|      3|    0|
|Multiplexer      |        -|      -|       -|    308|    -|
|Register         |        -|      -|     465|      -|    -|
+-----------------+---------+-------+--------+-------+-----+
|Total            |        3|      5|     845|   1576|    0|
+-----------------+---------+-------+--------+-------+-----+
|Available        |      280|    220|  106400|  53200|    0|
+-----------------+---------+-------+--------+-------+-----+
|Utilization (%)  |        1|      2|   ~0   |      2|    0|
+-----------------+---------+-------+--------+-------+-----+

+ Detail: 
    * Instance: 
    +-------------------------+----------------------+---------+-------+-----+-----+-----+
    |         Instance        |        Module        | BRAM_18K| DSP48E|  FF | LUT | URAM|
    +-------------------------+----------------------+---------+-------+-----+-----+-----+
    |lenet_fadd_32ns_3cud_U1  |lenet_fadd_32ns_3cud  |        0|      2|  205|  390|    0|
    |lenet_fmul_32ns_3dEe_U2  |lenet_fmul_32ns_3dEe  |        0|      3|  143|  321|    0|
    +-------------------------+----------------------+---------+-------+-----+-----+-----+
    |Total                    |                      |        0|      5|  348|  711|    0|
    +-------------------------+----------------------+---------+-------+-----+-----+-----+

    * DSP48E: 
    N/A

    * Memory: 
    +----------------+----------------------+---------+----+----+-----+------+-----+------+-------------+
    |     Memory     |        Module        | BRAM_18K| FF | LUT| URAM| Words| Bits| Banks| W*Bits*Banks|
    +----------------+----------------------+---------+----+----+-----+------+-----+------+-------------+
    |C1_biases_U     |conv2d_C1_C1_biases   |        0|  32|   3|    0|     6|   32|     1|          192|
    |C1_weights_0_U  |conv2d_C1_C1_weigbkb  |        1|   0|   0|    0|    54|   32|     1|         1728|
    |acc_buf_U       |conv2d_C1_acc_buf     |        2|   0|   0|    0|   784|   32|     1|        25088|
    +----------------+----------------------+---------+----+----+-----+------+-----+------+-------------+
    |Total           |                      |        3|  32|   3|    0|   844|   96|     3|        27008|
    +----------------+----------------------+---------+----+----+-----+------+-----+------+-------------+

    * FIFO: 
    N/A

    * Expression: 
    +-----------------------+----------+-------+---+----+------------+------------+
    |     Variable Name     | Operation| DSP48E| FF| LUT| Bitwidth P0| Bitwidth P1|
    +-----------------------+----------+-------+---+----+------------+------------+
    |add_ln22_fu_435_p2     |     +    |      0|  0|  13|          11|          11|
    |add_ln27_fu_455_p2     |     +    |      0|  0|  15|           5|           1|
    |add_ln28_fu_501_p2     |     +    |      0|  0|  15|           5|           1|
    |add_ln31_fu_513_p2     |     +    |      0|  0|  10|           2|           1|
    |add_ln32_fu_621_p2     |     +    |      0|  0|  10|           2|           1|
    |add_ln33_1_fu_529_p2   |     +    |      0|  0|  15|           6|           6|
    |add_ln33_fu_519_p2     |     +    |      0|  0|  10|           2|           2|
    |add_ln34_1_fu_637_p2   |     +    |      0|  0|  15|           6|           6|
    |add_ln34_fu_627_p2     |     +    |      0|  0|  10|           2|           2|
    |add_ln38_fu_646_p2     |     +    |      0|  0|  13|          11|          11|
    |add_ln40_6_fu_660_p2   |     +    |      0|  0|  15|           7|           7|
    |add_ln40_fu_552_p2     |     +    |      0|  0|  15|           7|           7|
    |add_ln44_fu_605_p2     |     +    |      0|  0|  13|          11|          11|
    |add_ln52_1_fu_802_p2   |     +    |      0|  0|  19|          14|          14|
    |add_ln52_2_fu_807_p2   |     +    |      0|  0|  13|          11|          11|
    |add_ln52_fu_717_p2     |     +    |      0|  0|  14|          10|          10|
    |c_4_fu_788_p2          |     +    |      0|  0|  15|           5|           1|
    |c_fu_425_p2            |     +    |      0|  0|  15|           5|           1|
    |ofm_fu_314_p2          |     +    |      0|  0|  12|           3|           1|
    |r_3_fu_707_p2          |     +    |      0|  0|  15|           5|           1|
    |r_fu_383_p2            |     +    |      0|  0|  15|           5|           1|
    |sub_ln22_fu_413_p2     |     -    |      0|  0|  13|          11|          11|
    |sub_ln38_fu_589_p2     |     -    |      0|  0|  13|          11|          11|
    |sub_ln40_1_fu_563_p2   |     -    |      0|  0|  15|           7|           7|
    |sub_ln40_fu_345_p2     |     -    |      0|  0|  15|           6|           6|
    |sub_ln44_fu_485_p2     |     -    |      0|  0|  13|          11|          11|
    |sub_ln52_1_fu_746_p2   |     -    |      0|  0|  19|          14|          14|
    |sub_ln52_2_fu_776_p2   |     -    |      0|  0|  13|          11|          11|
    |sub_ln52_fu_367_p2     |     -    |      0|  0|  15|           9|           9|
    |icmp_ln18_fu_308_p2    |   icmp   |      0|  0|   9|           3|           3|
    |icmp_ln20_fu_377_p2    |   icmp   |      0|  0|  11|           5|           4|
    |icmp_ln21_fu_419_p2    |   icmp   |      0|  0|  11|           5|           4|
    |icmp_ln27_fu_449_p2    |   icmp   |      0|  0|  11|           5|           4|
    |icmp_ln28_fu_495_p2    |   icmp   |      0|  0|  11|           5|           4|
    |icmp_ln31_fu_507_p2    |   icmp   |      0|  0|   8|           2|           2|
    |icmp_ln32_fu_615_p2    |   icmp   |      0|  0|   8|           2|           2|
    |icmp_ln35_1_fu_677_p2  |   icmp   |      0|  0|  11|           6|           5|
    |icmp_ln35_fu_542_p2    |   icmp   |      0|  0|  11|           6|           5|
    |icmp_ln50_fu_701_p2    |   icmp   |      0|  0|  11|           5|           4|
    |icmp_ln51_fu_782_p2    |   icmp   |      0|  0|  11|           5|           4|
    |or_ln35_1_fu_682_p2    |    or    |      0|  0|   2|           1|           1|
    |or_ln35_2_fu_688_p2    |    or    |      0|  0|   2|           1|           1|
    |or_ln35_fu_595_p2      |    or    |      0|  0|   2|           1|           1|
    |select_ln35_fu_693_p3  |  select  |      0|  0|  32|           1|           1|
    +-----------------------+----------+-------+---+----+------------+------------+
    |Total                  |          |      0|  0| 554|         268|         232|
    +-----------------------+----------+-------+---+----+------------+------------+

    * Multiplexer: 
    +------------------+-----+-----------+-----+-----------+
    |       Name       | LUT | Input Size| Bits| Total Bits|
    +------------------+-----+-----------+-----+-----------+
    |acc_0_0_reg_230   |    9|          2|   32|         64|
    |acc_1_0_reg_253   |    9|          2|   32|         64|
    |acc_buf_address0  |   27|          5|   10|         50|
    |acc_buf_d0        |   15|          3|   32|         96|
    |ap_NS_fsm         |  137|         30|    1|         30|
    |c2_0_0_reg_218    |    9|          2|    5|         10|
    |c4_0_reg_287      |    9|          2|    5|         10|
    |c_0_reg_196       |    9|          2|    5|         10|
    |grp_fu_298_p0     |   15|          3|   32|         96|
    |grp_fu_298_p1     |   15|          3|   32|         96|
    |kc_0_0_reg_265    |    9|          2|    2|          4|
    |kr_0_0_reg_242    |    9|          2|    2|          4|
    |ofm_0_reg_173     |    9|          2|    3|          6|
    |r1_0_0_reg_207    |    9|          2|    5|         10|
    |r3_0_reg_276      |    9|          2|    5|         10|
    |r_0_reg_185       |    9|          2|    5|         10|
    +------------------+-----+-----------+-----+-----------+
    |Total             |  308|         66|  208|        570|
    +------------------+-----+-----------+-----+-----------+

    * Register: 
    +---------------------------+----+----+-----+-----------+
    |            Name           | FF | LUT| Bits| Const Bits|
    +---------------------------+----+----+-----+-----------+
    |C1_biases_load_reg_844     |  32|   0|   32|          0|
    |C1_weights_0_load_reg_958  |  32|   0|   32|          0|
    |acc_0_0_reg_230            |  32|   0|   32|          0|
    |acc_1_0_reg_253            |  32|   0|   32|          0|
    |acc_buf_addr_4_reg_924     |  10|   0|   10|          0|
    |acc_buf_load_2_reg_973     |  32|   0|   32|          0|
    |add_ln27_reg_878           |   5|   0|    5|          0|
    |add_ln28_reg_896           |   5|   0|    5|          0|
    |add_ln31_reg_904           |   2|   0|    2|          0|
    |add_ln32_reg_932           |   2|   0|    2|          0|
    |add_ln34_1_reg_937         |   6|   0|    6|          0|
    |add_ln52_1_reg_1009        |  14|   0|   14|          0|
    |ap_CS_fsm                  |  29|   0|   29|          0|
    |c2_0_0_reg_218             |   5|   0|    5|          0|
    |c4_0_reg_287               |   5|   0|    5|          0|
    |c_0_reg_196                |   5|   0|    5|          0|
    |c_4_reg_1004               |   5|   0|    5|          0|
    |kc_0_0_reg_265             |   2|   0|    2|          0|
    |kr_0_0_reg_242             |   2|   0|    2|          0|
    |ofm_0_reg_173              |   3|   0|    3|          0|
    |ofm_reg_824                |   3|   0|    3|          0|
    |or_ln35_reg_919            |   1|   0|    1|          0|
    |r1_0_0_reg_207             |   5|   0|    5|          0|
    |r3_0_reg_276               |   5|   0|    5|          0|
    |r_0_reg_185                |   5|   0|    5|          0|
    |r_3_reg_986                |   5|   0|    5|          0|
    |r_reg_852                  |   5|   0|    5|          0|
    |select_ln35_reg_953        |  32|   0|   32|          0|
    |sext_ln40_reg_834          |   7|   0|    7|          0|
    |sext_ln52_reg_839          |   8|   0|   10|          2|
    |sub_ln22_reg_857           |   9|   0|   11|          2|
    |sub_ln38_reg_914           |   9|   0|   11|          2|
    |sub_ln40_1_reg_909         |   7|   0|    7|          0|
    |sub_ln44_reg_883           |   9|   0|   11|          2|
    |sub_ln52_1_reg_991         |  12|   0|   14|          2|
    |sub_ln52_2_reg_996         |   9|   0|   11|          2|
    |tmp1_reg_978               |  32|   0|   32|          0|
    |tmp_s_reg_963              |  32|   0|   32|          0|
    |zext_ln27_reg_870          |   5|   0|    6|          1|
    |zext_ln28_reg_888          |   5|   0|    6|          1|
    +---------------------------+----+----+-----+-----------+
    |Total                      | 465|   0|  479|         14|
    +---------------------------+----+----+-----+-----------+



================================================================
== Interface
================================================================
* Summary: 
+----------------+-----+-----+------------+--------------+--------------+
|    RTL Ports   | Dir | Bits|  Protocol  | Source Object|    C Type    |
+----------------+-----+-----+------------+--------------+--------------+
|ap_clk          |  in |    1| ap_ctrl_hs |   conv2d_C1  | return value |
|ap_rst          |  in |    1| ap_ctrl_hs |   conv2d_C1  | return value |
|ap_start        |  in |    1| ap_ctrl_hs |   conv2d_C1  | return value |
|ap_done         | out |    1| ap_ctrl_hs |   conv2d_C1  | return value |
|ap_idle         | out |    1| ap_ctrl_hs |   conv2d_C1  | return value |
|ap_ready        | out |    1| ap_ctrl_hs |   conv2d_C1  | return value |
|in_r_address0   | out |   10|  ap_memory |     in_r     |     array    |
|in_r_ce0        | out |    1|  ap_memory |     in_r     |     array    |
|in_r_q0         |  in |   32|  ap_memory |     in_r     |     array    |
|out_r_address0  | out |   13|  ap_memory |     out_r    |     array    |
|out_r_ce0       | out |    1|  ap_memory |     out_r    |     array    |
|out_r_we0       | out |    1|  ap_memory |     out_r    |     array    |
|out_r_d0        | out |   32|  ap_memory |     out_r    |     array    |
+----------------+-----+-----+------------+--------------+--------------+

