

================================================================
== Vivado HLS Report for 'conv2d_C2'
================================================================
* Date:           Sat Mar 14 15:27:13 2020

* Version:        2019.1 (Build 2552052 on Fri May 24 15:28:33 MDT 2019)
* Project:        lenet_cnn
* Solution:       solution1
* Product family: zynq
* Target device:  xc7z020-clg400-1


================================================================
== Performance Estimates
================================================================
+ Timing (ns): 
    * Summary: 
    +--------+-------+----------+------------+
    |  Clock | Target| Estimated| Uncertainty|
    +--------+-------+----------+------------+
    |ap_clk  |  10.00|     7.256|        1.25|
    +--------+-------+----------+------------+

+ Latency (clock cycles): 
    * Summary: 
    +---------+---------+---------+---------+---------+
    |      Latency      |      Interval     | Pipeline|
    |   min   |   max   |   min   |   max   |   Type  |
    +---------+---------+---------+---------+---------+
    |  2830033|  2830033|  2830033|  2830033|   none  |
    +---------+---------+---------+---------+---------+

    + Detail: 
        * Instance: 
        N/A

        * Loop: 
        +------------------+---------+---------+----------+-----------+-----------+------+----------+
        |                  |      Latency      | Iteration|  Initiation Interval  | Trip |          |
        |     Loop Name    |   min   |   max   |  Latency |  achieved |   target  | Count| Pipelined|
        +------------------+---------+---------+----------+-----------+-----------+------+----------+
        |- OFM             |  2830032|  2830032|    176877|          -|          -|    16|    no    |
        | + ROW_CLR        |      120|      120|        12|          -|          -|    10|    no    |
        |  ++ COL_CLR      |       10|       10|         1|          -|          -|    10|    no    |
        | + IFM            |   176532|   176532|     29422|          -|          -|     6|    no    |
        |  ++ ROW          |    29420|    29420|      2942|          -|          -|    10|    no    |
        |   +++ COL        |     2940|     2940|       294|          -|          -|    10|    no    |
        |    ++++ K_ROW    |      285|      285|        57|          -|          -|     5|    no    |
        |     +++++ K_COL  |       55|       55|        11|          -|          -|     5|    no    |
        | + ROW_CPY        |      220|      220|        22|          -|          -|    10|    no    |
        |  ++ COL_CPY      |       20|       20|         2|          -|          -|    10|    no    |
        +------------------+---------+---------+----------+-----------+-----------+------+----------+



================================================================
== Utilization Estimates
================================================================
* Summary: 
+-----------------+---------+-------+--------+-------+-----+
|       Name      | BRAM_18K| DSP48E|   FF   |  LUT  | URAM|
+-----------------+---------+-------+--------+-------+-----+
|DSP              |        -|      -|       -|      -|    -|
|Expression       |        -|      -|       0|    650|    -|
|FIFO             |        -|      -|       -|      -|    -|
|Instance         |        -|      5|     348|    711|    -|
|Memory           |        9|      -|      32|      8|    0|
|Multiplexer      |        -|      -|       -|    321|    -|
|Register         |        -|      -|     522|      -|    -|
+-----------------+---------+-------+--------+-------+-----+
|Total            |        9|      5|     902|   1690|    0|
+-----------------+---------+-------+--------+-------+-----+
|Available        |      280|    220|  106400|  53200|    0|
+-----------------+---------+-------+--------+-------+-----+
|Utilization (%)  |        3|      2|   ~0   |      3|    0|
+-----------------+---------+-------+--------+-------+-----+

+ Detail: 
    * Instance: 
    +--------------------------+----------------------+---------+-------+-----+-----+-----+
    |         Instance         |        Module        | BRAM_18K| DSP48E|  FF | LUT | URAM|
    +--------------------------+----------------------+---------+-------+-----+-----+-----+
    |lenet_fadd_32ns_3cud_U17  |lenet_fadd_32ns_3cud  |        0|      2|  205|  390|    0|
    |lenet_fmul_32ns_3dEe_U18  |lenet_fmul_32ns_3dEe  |        0|      3|  143|  321|    0|
    +--------------------------+----------------------+---------+-------+-----+-----+-----+
    |Total                     |                      |        0|      5|  348|  711|    0|
    +--------------------------+----------------------+---------+-------+-----+-----+-----+

    * DSP48E: 
    N/A

    * Memory: 
    +--------------+----------------------+---------+----+----+-----+------+-----+------+-------------+
    |    Memory    |        Module        | BRAM_18K| FF | LUT| URAM| Words| Bits| Banks| W*Bits*Banks|
    +--------------+----------------------+---------+----+----+-----+------+-----+------+-------------+
    |C2_biases_U   |conv2d_C2_C2_biases   |        0|  32|   8|    0|    16|   32|     1|          512|
    |C2_weights_U  |conv2d_C2_C2_weigfYi  |        8|   0|   0|    0|  2400|   32|     1|        76800|
    |acc_buf_U     |conv2d_C2_acc_buf     |        1|   0|   0|    0|   100|   32|     1|         3200|
    +--------------+----------------------+---------+----+----+-----+------+-----+------+-------------+
    |Total         |                      |        9|  32|   8|    0|  2516|   96|     3|        80512|
    +--------------+----------------------+---------+----+----+-----+------+-----+------+-------------+

    * FIFO: 
    N/A

    * Expression: 
    +-----------------------+----------+-------+---+----+------------+------------+
    |     Variable Name     | Operation| DSP48E| FF| LUT| Bitwidth P0| Bitwidth P1|
    +-----------------------+----------+-------+---+----+------------+------------+
    |add_ln100_1_fu_754_p2  |     +    |      0|  0|  15|           9|           9|
    |add_ln100_2_fu_779_p2  |     +    |      0|  0|  12|          12|          12|
    |add_ln100_3_fu_809_p2  |     +    |      0|  0|  15|           8|           8|
    |add_ln100_4_fu_835_p2  |     +    |      0|  0|  12|          12|          12|
    |add_ln100_5_fu_840_p2  |     +    |      0|  0|  15|           8|           8|
    |add_ln100_fu_377_p2    |     +    |      0|  0|  15|           9|           9|
    |add_ln78_1_fu_441_p2   |     +    |      0|  0|  15|           8|           8|
    |add_ln78_fu_419_p2     |     +    |      0|  0|  15|           8|           8|
    |add_ln88_1_fu_718_p2   |     +    |      0|  0|  13|           4|           4|
    |add_ln88_2_fu_467_p2   |     +    |      0|  0|  14|          10|          10|
    |add_ln88_3_fu_488_p2   |     +    |      0|  0|  71|          64|          64|
    |add_ln88_4_fu_602_p2   |     +    |      0|  0|  71|          64|          64|
    |add_ln88_5_fu_623_p2   |     +    |      0|  0|  17|          13|          13|
    |add_ln88_6_fu_639_p2   |     +    |      0|  0|  15|           9|           9|
    |add_ln88_7_fu_708_p2   |     +    |      0|  0|  17|          13|          13|
    |add_ln88_8_fu_728_p2   |     +    |      0|  0|  12|          12|          12|
    |add_ln88_fu_629_p2     |     +    |      0|  0|  13|           4|           4|
    |add_ln92_1_fu_678_p2   |     +    |      0|  0|  15|           8|           8|
    |add_ln92_fu_564_p2     |     +    |      0|  0|  15|           8|           8|
    |c_2_fu_821_p2          |     +    |      0|  0|  13|           4|           1|
    |c_3_fu_576_p2          |     +    |      0|  0|  13|           4|           1|
    |c_fu_431_p2            |     +    |      0|  0|  13|           4|           1|
    |ifm_fu_457_p2          |     +    |      0|  0|  12|           3|           1|
    |k_c_fu_698_p2          |     +    |      0|  0|  12|           3|           1|
    |k_r_fu_592_p2          |     +    |      0|  0|  12|           3|           1|
    |ofm_fu_332_p2          |     +    |      0|  0|  15|           5|           1|
    |r_1_fu_744_p2          |     +    |      0|  0|  13|           4|           1|
    |r_2_fu_534_p2          |     +    |      0|  0|  13|           4|           1|
    |r_fu_389_p2            |     +    |      0|  0|  13|           4|           1|
    |sub_ln88_1_fu_518_p2   |     -    |      0|  0|  15|           8|           8|
    |sub_ln88_2_fu_668_p2   |     -    |      0|  0|  12|          12|          12|
    |sub_ln88_fu_367_p2     |     -    |      0|  0|  15|           9|           9|
    |icmp_ln74_fu_326_p2    |   icmp   |      0|  0|  11|           5|           6|
    |icmp_ln76_fu_383_p2    |   icmp   |      0|  0|   9|           4|           4|
    |icmp_ln77_fu_425_p2    |   icmp   |      0|  0|   9|           4|           4|
    |icmp_ln82_fu_451_p2    |   icmp   |      0|  0|   9|           3|           3|
    |icmp_ln83_fu_528_p2    |   icmp   |      0|  0|   9|           4|           4|
    |icmp_ln84_fu_570_p2    |   icmp   |      0|  0|   9|           4|           4|
    |icmp_ln86_fu_586_p2    |   icmp   |      0|  0|   9|           3|           3|
    |icmp_ln87_fu_692_p2    |   icmp   |      0|  0|   9|           3|           3|
    |icmp_ln98_fu_738_p2    |   icmp   |      0|  0|   9|           4|           4|
    |icmp_ln99_fu_815_p2    |   icmp   |      0|  0|   9|           4|           4|
    +-----------------------+----------+-------+---+----+------------+------------+
    |Total                  |          |      0|  0| 650|         388|         361|
    +-----------------------+----------+-------+---+----+------------+------------+

    * Multiplexer: 
    +------------------+-----+-----------+-----+-----------+
    |       Name       | LUT | Input Size| Bits| Total Bits|
    +------------------+-----+-----------+-----+-----------+
    |acc_0_reg_248     |    9|          2|   32|         64|
    |acc_1_reg_271     |    9|          2|   32|         64|
    |acc_buf_address0  |   27|          5|    7|         35|
    |acc_buf_d0        |   15|          3|   32|         96|
    |ap_NS_fsm         |  141|         31|    1|         31|
    |c2_0_reg_236      |    9|          2|    4|          8|
    |c4_0_reg_305      |    9|          2|    4|          8|
    |c_0_reg_202       |    9|          2|    4|          8|
    |grp_fu_316_p0     |   15|          3|   32|         96|
    |grp_fu_316_p1     |   15|          3|   32|         96|
    |ifm_0_reg_213     |    9|          2|    3|          6|
    |k_c_0_reg_283     |    9|          2|    3|          6|
    |k_r_0_reg_260     |    9|          2|    3|          6|
    |ofm_0_reg_179     |    9|          2|    5|         10|
    |r1_0_reg_224      |    9|          2|    4|          8|
    |r3_0_reg_294      |    9|          2|    4|          8|
    |r_0_reg_191       |    9|          2|    4|          8|
    +------------------+-----+-----------+-----+-----------+
    |Total             |  321|         69|  206|        558|
    +------------------+-----+-----------+-----+-----------+

    * Register: 
    +-------------------------+----+----+-----+-----------+
    |           Name          | FF | LUT| Bits| Const Bits|
    +-------------------------+----+----+-----+-----------+
    |C2_biases_load_reg_877   |  32|   0|   32|          0|
    |C2_weights_load_reg_983  |  32|   0|   32|          0|
    |acc_0_reg_248            |  32|   0|   32|          0|
    |acc_1_reg_271            |  32|   0|   32|          0|
    |acc_buf_addr_2_reg_960   |   7|   0|    7|          0|
    |acc_buf_load_1_reg_1003  |  32|   0|   32|          0|
    |add_ln100_2_reg_1021     |  11|   0|   12|          1|
    |add_ln100_3_reg_1026     |   7|   0|    8|          1|
    |add_ln100_4_reg_1039     |  12|   0|   12|          0|
    |add_ln100_reg_872        |   8|   0|    9|          1|
    |add_ln78_reg_890         |   7|   0|    8|          1|
    |add_ln88_3_reg_911       |  64|   0|   64|          0|
    |add_ln88_5_reg_950       |  13|   0|   13|          0|
    |add_ln92_reg_929         |   7|   0|    8|          1|
    |ap_CS_fsm                |  30|   0|   30|          0|
    |c2_0_reg_236             |   4|   0|    4|          0|
    |c4_0_reg_305             |   4|   0|    4|          0|
    |c_0_reg_202              |   4|   0|    4|          0|
    |c_2_reg_1034             |   4|   0|    4|          0|
    |c_3_reg_937              |   4|   0|    4|          0|
    |ifm_0_reg_213            |   3|   0|    3|          0|
    |ifm_reg_906              |   3|   0|    3|          0|
    |in_load_reg_988          |  32|   0|   32|          0|
    |k_c_0_reg_283            |   3|   0|    3|          0|
    |k_c_reg_968              |   3|   0|    3|          0|
    |k_r_0_reg_260            |   3|   0|    3|          0|
    |k_r_reg_945              |   3|   0|    3|          0|
    |ofm_0_reg_179            |   5|   0|    5|          0|
    |ofm_reg_857              |   5|   0|    5|          0|
    |r1_0_reg_224             |   4|   0|    4|          0|
    |r3_0_reg_294             |   4|   0|    4|          0|
    |r_0_reg_191              |   4|   0|    4|          0|
    |r_1_reg_1016             |   4|   0|    4|          0|
    |r_2_reg_924              |   4|   0|    4|          0|
    |r_reg_885                |   4|   0|    4|          0|
    |sext_ln88_3_reg_916      |   8|   0|    9|          1|
    |sext_ln88_reg_867        |   9|   0|   10|          1|
    |sub_ln88_2_reg_955       |  11|   0|   12|          1|
    |tmp_9_reg_993            |  32|   0|   32|          0|
    |tmp_reg_1008             |  32|   0|   32|          0|
    +-------------------------+----+----+-----+-----------+
    |Total                    | 522|   0|  530|          8|
    +-------------------------+----+----+-----+-----------+



================================================================
== Interface
================================================================
* Summary: 
+----------------+-----+-----+------------+--------------+--------------+
|    RTL Ports   | Dir | Bits|  Protocol  | Source Object|    C Type    |
+----------------+-----+-----+------------+--------------+--------------+
|ap_clk          |  in |    1| ap_ctrl_hs |   conv2d_C2  | return value |
|ap_rst          |  in |    1| ap_ctrl_hs |   conv2d_C2  | return value |
|ap_start        |  in |    1| ap_ctrl_hs |   conv2d_C2  | return value |
|ap_done         | out |    1| ap_ctrl_hs |   conv2d_C2  | return value |
|ap_idle         | out |    1| ap_ctrl_hs |   conv2d_C2  | return value |
|ap_ready        | out |    1| ap_ctrl_hs |   conv2d_C2  | return value |
|in_r_address0   | out |   11|  ap_memory |     in_r     |     array    |
|in_r_ce0        | out |    1|  ap_memory |     in_r     |     array    |
|in_r_q0         |  in |   32|  ap_memory |     in_r     |     array    |
|out_r_address0  | out |   11|  ap_memory |     out_r    |     array    |
|out_r_ce0       | out |    1|  ap_memory |     out_r    |     array    |
|out_r_we0       | out |    1|  ap_memory |     out_r    |     array    |
|out_r_d0        | out |   32|  ap_memory |     out_r    |     array    |
+----------------+-----+-----+------------+--------------+--------------+

