

================================================================
== Vivado HLS Report for 'fc_FC1'
================================================================
* Date:           Thu Mar 19 00:54:28 2020

* Version:        2019.1 (Build 2552052 on Fri May 24 15:28:33 MDT 2019)
* Project:        lenet_cnn3_Accuracy
* Solution:       solution_param3202
* Product family: zynq
* Target device:  xc7z020-clg400-1


================================================================
== Performance Estimates
================================================================
+ Timing (ns): 
    * Summary: 
    +--------+-------+----------+------------+
    |  Clock | Target| Estimated| Uncertainty|
    +--------+-------+----------+------------+
    |ap_clk  |  10.00|     6.978|        1.25|
    +--------+-------+----------+------------+

+ Latency (clock cycles): 
    * Summary: 
    +-------+-------+-------+-------+---------+
    |    Latency    |    Interval   | Pipeline|
    |  min  |  max  |  min  |  max  |   Type  |
    +-------+-------+-------+-------+---------+
    |  18151|  18151|  18151|  18151|   none  |
    +-------+-------+-------+-------+---------+

    + Detail: 
        * Instance: 
        N/A

        * Loop: 
        +----------+-------+-------+----------+-----------+-----------+------+----------+
        |          |    Latency    | Iteration|  Initiation Interval  | Trip |          |
        | Loop Name|  min  |  max  |  Latency |  achieved |   target  | Count| Pipelined|
        +----------+-------+-------+----------+-----------+-----------+------+----------+
        |- OUT     |  18150|  18150|      1210|          -|          -|    15|    no    |
        | + IN     |   1206|   1206|        10|          3|          1|   400|    yes   |
        +----------+-------+-------+----------+-----------+-----------+------+----------+



================================================================
== Utilization Estimates
================================================================
* Summary: 
+-----------------+---------+-------+--------+-------+-----+
|       Name      | BRAM_18K| DSP48E|   FF   |  LUT  | URAM|
+-----------------+---------+-------+--------+-------+-----+
|DSP              |        -|      -|       -|      -|    -|
|Expression       |        -|      0|       0|    934|    -|
|FIFO             |        -|      -|       -|      -|    -|
|Instance         |        -|     56|    3528|   2048|    -|
|Memory           |      120|      -|     210|     56|    -|
|Multiplexer      |        -|      -|       -|    206|    -|
|Register         |        0|      -|    1783|     32|    -|
+-----------------+---------+-------+--------+-------+-----+
|Total            |      120|     56|    5521|   3276|    0|
+-----------------+---------+-------+--------+-------+-----+
|Available        |      280|    220|  106400|  53200|    0|
+-----------------+---------+-------+--------+-------+-----+
|Utilization (%)  |       42|     25|       5|      6|    0|
+-----------------+---------+-------+--------+-------+-----+

+ Detail: 
    * Instance: 
    +---------------------------+----------------------+---------+-------+-----+-----+-----+
    |          Instance         |        Module        | BRAM_18K| DSP48E|  FF | LUT | URAM|
    +---------------------------+----------------------+---------+-------+-----+-----+-----+
    |lenet_mul_64s_29scxx_U277  |lenet_mul_64s_29scxx  |        0|      7|  441|  256|    0|
    |lenet_mul_64s_29scxx_U278  |lenet_mul_64s_29scxx  |        0|      7|  441|  256|    0|
    |lenet_mul_64s_29scxx_U279  |lenet_mul_64s_29scxx  |        0|      7|  441|  256|    0|
    |lenet_mul_64s_29scxx_U280  |lenet_mul_64s_29scxx  |        0|      7|  441|  256|    0|
    |lenet_mul_64s_29scxx_U281  |lenet_mul_64s_29scxx  |        0|      7|  441|  256|    0|
    |lenet_mul_64s_29scxx_U282  |lenet_mul_64s_29scxx  |        0|      7|  441|  256|    0|
    |lenet_mul_64s_29scxx_U283  |lenet_mul_64s_29scxx  |        0|      7|  441|  256|    0|
    |lenet_mul_64s_29scxx_U284  |lenet_mul_64s_29scxx  |        0|      7|  441|  256|    0|
    +---------------------------+----------------------+---------+-------+-----+-----+-----+
    |Total                      |                      |        0|     56| 3528| 2048|    0|
    +---------------------------+----------------------+---------+-------+-----+-----+-----+

    * DSP48E: 
    N/A

    * Memory: 
    +-------------------+----------------------+---------+----+----+-----+------+-----+------+-------------+
    |       Memory      |        Module        | BRAM_18K| FF | LUT| URAM| Words| Bits| Banks| W*Bits*Banks|
    +-------------------+----------------------+---------+----+----+-----+------+-----+------+-------------+
    |FC1_bias_V_0_U     |fc_FC1_FC1_bias_V_0   |        0|  26|   7|    0|    15|   26|     1|          390|
    |FC1_bias_V_1_U     |fc_FC1_FC1_bias_V_1   |        0|  27|   7|    0|    15|   27|     1|          405|
    |FC1_bias_V_2_U     |fc_FC1_FC1_bias_V_2   |        0|  26|   7|    0|    15|   26|     1|          390|
    |FC1_bias_V_3_U     |fc_FC1_FC1_bias_V_3   |        0|  27|   7|    0|    15|   27|     1|          405|
    |FC1_bias_V_4_U     |fc_FC1_FC1_bias_V_4   |        0|  26|   7|    0|    15|   26|     1|          390|
    |FC1_bias_V_5_U     |fc_FC1_FC1_bias_V_5   |        0|  26|   7|    0|    15|   26|     1|          390|
    |FC1_bias_V_6_U     |fc_FC1_FC1_bias_V_6   |        0|  26|   7|    0|    15|   26|     1|          390|
    |FC1_bias_V_7_U     |fc_FC1_FC1_bias_V_7   |        0|  26|   7|    0|    15|   26|     1|          390|
    |FC1_weights_V_0_U  |fc_FC1_FC1_weightcpw  |       15|   0|   0|    0|  6000|   29|     1|       174000|
    |FC1_weights_V_1_U  |fc_FC1_FC1_weightcqw  |       15|   0|   0|    0|  6000|   29|     1|       174000|
    |FC1_weights_V_2_U  |fc_FC1_FC1_weightcrw  |       15|   0|   0|    0|  6000|   29|     1|       174000|
    |FC1_weights_V_3_U  |fc_FC1_FC1_weightcsw  |       15|   0|   0|    0|  6000|   29|     1|       174000|
    |FC1_weights_V_4_U  |fc_FC1_FC1_weightctx  |       15|   0|   0|    0|  6000|   29|     1|       174000|
    |FC1_weights_V_5_U  |fc_FC1_FC1_weightcux  |       15|   0|   0|    0|  6000|   29|     1|       174000|
    |FC1_weights_V_6_U  |fc_FC1_FC1_weightcvx  |       15|   0|   0|    0|  6000|   29|     1|       174000|
    |FC1_weights_V_7_U  |fc_FC1_FC1_weightcwx  |       15|   0|   0|    0|  6000|   29|     1|       174000|
    +-------------------+----------------------+---------+----+----+-----+------+-----+------+-------------+
    |Total              |                      |      120| 210|  56|    0| 48120|  442|    16|      1395150|
    +-------------------+----------------------+---------+----+----+-----+------+-----+------+-------------+

    * FIFO: 
    N/A

    * Expression: 
    +----------------------+----------+-------+---+-----+------------+------------+
    |     Variable Name    | Operation| DSP48E| FF| LUT | Bitwidth P0| Bitwidth P1|
    +----------------------+----------+-------+---+-----+------------+------------+
    |mul_ln1116_fu_493_p2  |     *    |      0|  0|   51|           4|           9|
    |add_ln1116_fu_624_p2  |     +    |      0|  0|   17|          13|          13|
    |i_fu_609_p2           |     +    |      0|  0|   15|           9|           1|
    |o_fu_927_p2           |     +    |      0|  0|   15|           7|           4|
    |ret_V_10_fu_883_p2    |     +    |      0|  0|  101|          94|          94|
    |ret_V_11_fu_910_p2    |     +    |      0|  0|  101|          94|          94|
    |ret_V_5_fu_748_p2     |     +    |      0|  0|  101|          94|          94|
    |ret_V_6_fu_775_p2     |     +    |      0|  0|  101|          94|          94|
    |ret_V_7_fu_802_p2     |     +    |      0|  0|  101|          94|          94|
    |ret_V_8_fu_829_p2     |     +    |      0|  0|  101|          94|          94|
    |ret_V_9_fu_856_p2     |     +    |      0|  0|  101|          94|          94|
    |ret_V_fu_721_p2       |     +    |      0|  0|  101|          94|          94|
    |icmp_ln35_fu_454_p2   |   icmp   |      0|  0|   11|           7|           5|
    |icmp_ln46_fu_603_p2   |   icmp   |      0|  0|   13|           9|           8|
    |ap_block_state1       |    or    |      0|  0|    2|           1|           1|
    |ap_enable_pp0         |    xor   |      0|  0|    2|           1|           2|
    +----------------------+----------+-------+---+-----+------------+------------+
    |Total                 |          |      0|  0|  934|         803|         795|
    +----------------------+----------+-------+---+-----+------------+------------+

    * Multiplexer: 
    +------------------------------+----+-----------+-----+-----------+
    |             Name             | LUT| Input Size| Bits| Total Bits|
    +------------------------------+----+-----------+-----+-----------+
    |ap_NS_fsm                     |  41|          8|    1|          8|
    |ap_done                       |   9|          2|    1|          2|
    |ap_enable_reg_pp0_iter3       |   9|          2|    1|          2|
    |ap_phi_mux_i_0_phi_fu_447_p4  |   9|          2|    9|         18|
    |i_0_reg_443                   |   9|          2|    9|         18|
    |o_0_reg_431                   |   9|          2|    7|         14|
    |out_fc1_0_V_d0                |  15|          3|   64|        192|
    |out_fc1_1_V_d0                |  15|          3|   64|        192|
    |out_fc1_2_V_d0                |  15|          3|   64|        192|
    |out_fc1_3_V_d0                |  15|          3|   64|        192|
    |out_fc1_4_V_d0                |  15|          3|   64|        192|
    |out_fc1_5_V_d0                |  15|          3|   64|        192|
    |out_fc1_6_V_d0                |  15|          3|   64|        192|
    |out_fc1_7_V_d0                |  15|          3|   64|        192|
    +------------------------------+----+-----------+-----+-----------+
    |Total                         | 206|         42|  540|       1598|
    +------------------------------+----+-----------+-----+-----------+

    * Register: 
    +-------------------------------+----+----+-----+-----------+
    |              Name             | FF | LUT| Bits| Const Bits|
    +-------------------------------+----+----+-----+-----------+
    |FC1_weights_V_0_load_reg_1080  |  29|   0|   29|          0|
    |FC1_weights_V_1_load_reg_1090  |  29|   0|   29|          0|
    |FC1_weights_V_2_load_reg_1095  |  29|   0|   29|          0|
    |FC1_weights_V_3_load_reg_1100  |  29|   0|   29|          0|
    |FC1_weights_V_4_load_reg_1105  |  29|   0|   29|          0|
    |FC1_weights_V_5_load_reg_1110  |  29|   0|   29|          0|
    |FC1_weights_V_6_load_reg_1115  |  29|   0|   29|          0|
    |FC1_weights_V_7_load_reg_1120  |  29|   0|   29|          0|
    |ap_CS_fsm                      |   7|   0|    7|          0|
    |ap_done_reg                    |   1|   0|    1|          0|
    |ap_enable_reg_pp0_iter0        |   1|   0|    1|          0|
    |ap_enable_reg_pp0_iter1        |   1|   0|    1|          0|
    |ap_enable_reg_pp0_iter2        |   1|   0|    1|          0|
    |ap_enable_reg_pp0_iter3        |   1|   0|    1|          0|
    |i_0_reg_443                    |   9|   0|    9|          0|
    |i_reg_1030                     |   9|   0|    9|          0|
    |icmp_ln46_reg_1026             |   1|   0|    1|          0|
    |in_V_load_reg_1085             |  64|   0|   64|          0|
    |lshr_ln_reg_936                |   4|   0|    4|          0|
    |mul_ln1116_reg_1021            |   9|   0|   13|          4|
    |o_0_reg_431                    |   7|   0|    7|          0|
    |out_fc1_0_V_addr_reg_946       |   4|   0|    4|          0|
    |out_fc1_1_V_addr_reg_956       |   4|   0|    4|          0|
    |out_fc1_2_V_addr_reg_966       |   4|   0|    4|          0|
    |out_fc1_3_V_addr_reg_976       |   4|   0|    4|          0|
    |out_fc1_4_V_addr_reg_986       |   4|   0|    4|          0|
    |out_fc1_5_V_addr_reg_996       |   4|   0|    4|          0|
    |out_fc1_6_V_addr_reg_1006      |   4|   0|    4|          0|
    |out_fc1_7_V_addr_reg_1016      |   4|   0|    4|          0|
    |p_Val2_33_reg_1182             |  64|   0|   64|          0|
    |p_Val2_36_reg_1192             |  64|   0|   64|          0|
    |p_Val2_39_reg_1202             |  64|   0|   64|          0|
    |p_Val2_42_reg_1212             |  64|   0|   64|          0|
    |p_Val2_45_reg_1222             |  64|   0|   64|          0|
    |p_Val2_48_reg_1232             |  64|   0|   64|          0|
    |p_Val2_51_reg_1242             |  64|   0|   64|          0|
    |p_Val2_54_reg_1252             |  64|   0|   64|          0|
    |r_V_10_reg_1237                |  92|   0|   92|          0|
    |r_V_11_reg_1247                |  92|   0|   92|          0|
    |r_V_5_reg_1187                 |  92|   0|   92|          0|
    |r_V_6_reg_1197                 |  92|   0|   92|          0|
    |r_V_7_reg_1207                 |  92|   0|   92|          0|
    |r_V_8_reg_1217                 |  92|   0|   92|          0|
    |r_V_9_reg_1227                 |  92|   0|   92|          0|
    |r_V_reg_1177                   |  92|   0|   92|          0|
    |sext_ln1118_reg_1130           |  92|   0|   92|          0|
    |icmp_ln46_reg_1026             |  64|  32|    1|          0|
    +-------------------------------+----+----+-----+-----------+
    |Total                          |1783|  32| 1724|          4|
    +-------------------------------+----+----+-----+-----------+



================================================================
== Interface
================================================================
* Summary: 
+----------------------+-----+-----+------------+--------------+--------------+
|       RTL Ports      | Dir | Bits|  Protocol  | Source Object|    C Type    |
+----------------------+-----+-----+------------+--------------+--------------+
|ap_clk                |  in |    1| ap_ctrl_hs |    fc_FC1    | return value |
|ap_rst                |  in |    1| ap_ctrl_hs |    fc_FC1    | return value |
|ap_start              |  in |    1| ap_ctrl_hs |    fc_FC1    | return value |
|ap_done               | out |    1| ap_ctrl_hs |    fc_FC1    | return value |
|ap_continue           |  in |    1| ap_ctrl_hs |    fc_FC1    | return value |
|ap_idle               | out |    1| ap_ctrl_hs |    fc_FC1    | return value |
|ap_ready              | out |    1| ap_ctrl_hs |    fc_FC1    | return value |
|in_V_address0         | out |    9|  ap_memory |     in_V     |     array    |
|in_V_ce0              | out |    1|  ap_memory |     in_V     |     array    |
|in_V_q0               |  in |   64|  ap_memory |     in_V     |     array    |
|out_fc1_0_V_address0  | out |    4|  ap_memory |  out_fc1_0_V |     array    |
|out_fc1_0_V_ce0       | out |    1|  ap_memory |  out_fc1_0_V |     array    |
|out_fc1_0_V_we0       | out |    1|  ap_memory |  out_fc1_0_V |     array    |
|out_fc1_0_V_d0        | out |   64|  ap_memory |  out_fc1_0_V |     array    |
|out_fc1_0_V_q0        |  in |   64|  ap_memory |  out_fc1_0_V |     array    |
|out_fc1_1_V_address0  | out |    4|  ap_memory |  out_fc1_1_V |     array    |
|out_fc1_1_V_ce0       | out |    1|  ap_memory |  out_fc1_1_V |     array    |
|out_fc1_1_V_we0       | out |    1|  ap_memory |  out_fc1_1_V |     array    |
|out_fc1_1_V_d0        | out |   64|  ap_memory |  out_fc1_1_V |     array    |
|out_fc1_1_V_q0        |  in |   64|  ap_memory |  out_fc1_1_V |     array    |
|out_fc1_2_V_address0  | out |    4|  ap_memory |  out_fc1_2_V |     array    |
|out_fc1_2_V_ce0       | out |    1|  ap_memory |  out_fc1_2_V |     array    |
|out_fc1_2_V_we0       | out |    1|  ap_memory |  out_fc1_2_V |     array    |
|out_fc1_2_V_d0        | out |   64|  ap_memory |  out_fc1_2_V |     array    |
|out_fc1_2_V_q0        |  in |   64|  ap_memory |  out_fc1_2_V |     array    |
|out_fc1_3_V_address0  | out |    4|  ap_memory |  out_fc1_3_V |     array    |
|out_fc1_3_V_ce0       | out |    1|  ap_memory |  out_fc1_3_V |     array    |
|out_fc1_3_V_we0       | out |    1|  ap_memory |  out_fc1_3_V |     array    |
|out_fc1_3_V_d0        | out |   64|  ap_memory |  out_fc1_3_V |     array    |
|out_fc1_3_V_q0        |  in |   64|  ap_memory |  out_fc1_3_V |     array    |
|out_fc1_4_V_address0  | out |    4|  ap_memory |  out_fc1_4_V |     array    |
|out_fc1_4_V_ce0       | out |    1|  ap_memory |  out_fc1_4_V |     array    |
|out_fc1_4_V_we0       | out |    1|  ap_memory |  out_fc1_4_V |     array    |
|out_fc1_4_V_d0        | out |   64|  ap_memory |  out_fc1_4_V |     array    |
|out_fc1_4_V_q0        |  in |   64|  ap_memory |  out_fc1_4_V |     array    |
|out_fc1_5_V_address0  | out |    4|  ap_memory |  out_fc1_5_V |     array    |
|out_fc1_5_V_ce0       | out |    1|  ap_memory |  out_fc1_5_V |     array    |
|out_fc1_5_V_we0       | out |    1|  ap_memory |  out_fc1_5_V |     array    |
|out_fc1_5_V_d0        | out |   64|  ap_memory |  out_fc1_5_V |     array    |
|out_fc1_5_V_q0        |  in |   64|  ap_memory |  out_fc1_5_V |     array    |
|out_fc1_6_V_address0  | out |    4|  ap_memory |  out_fc1_6_V |     array    |
|out_fc1_6_V_ce0       | out |    1|  ap_memory |  out_fc1_6_V |     array    |
|out_fc1_6_V_we0       | out |    1|  ap_memory |  out_fc1_6_V |     array    |
|out_fc1_6_V_d0        | out |   64|  ap_memory |  out_fc1_6_V |     array    |
|out_fc1_6_V_q0        |  in |   64|  ap_memory |  out_fc1_6_V |     array    |
|out_fc1_7_V_address0  | out |    4|  ap_memory |  out_fc1_7_V |     array    |
|out_fc1_7_V_ce0       | out |    1|  ap_memory |  out_fc1_7_V |     array    |
|out_fc1_7_V_we0       | out |    1|  ap_memory |  out_fc1_7_V |     array    |
|out_fc1_7_V_d0        | out |   64|  ap_memory |  out_fc1_7_V |     array    |
|out_fc1_7_V_q0        |  in |   64|  ap_memory |  out_fc1_7_V |     array    |
+----------------------+-----+-----+------------+--------------+--------------+

